make[1]: Entering directory '/c/Users/Syf/Desktop/BS4/tools/binutils-build/libiberty'
make[1]: Entering directory '/c/Users/Syf/Desktop/BS4/tools/binutils-build/libsframe'
make[1]: Entering directory '/c/Users/Syf/Desktop/BS4/tools/binutils-build/zlib'
true "AR_FLAGS=rc" "CC_FOR_BUILD=gcc" "CFLAGS=-g -O2  " "CXXFLAGS=-g -O2  " "CFLAGS_FOR_BUILD=-g -O2" "CFLAGS_FOR_TARGET=-g -O2" "INSTALL=/usr/bin/install -c" "INSTALL_DATA=/usr/bin/install -c -m 644" "INSTALL_PROGRAM=/usr/bin/install -c" "INSTALL_SCRIPT=/usr/bin/install -c" "LDFLAGS=-Wl,--stack,12582912" "LIBCFLAGS=-g -O2  " "LIBCFLAGS_FOR_TARGET=-g -O2" "MAKE=make" "MAKEINFO=/c/Users/Syf/Desktop/BS4/tools/binutils-src/missing makeinfo --split-size=5000000 " "PICFLAG=" "PICFLAG_FOR_TARGET=" "SHELL=/bin/sh" "EXPECT=expect" "RUNTEST=runtest" "RUNTESTFLAGS=" "exec_prefix=/c/Users/Syf/Desktop/BS4/tools/i686-elf" "infodir=/c/Users/Syf/Desktop/BS4/tools/i686-elf/share/info" "libdir=/c/Users/Syf/Desktop/BS4/tools/i686-elf/lib" "prefix=/c/Users/Syf/Desktop/BS4/tools/i686-elf" "tooldir=/c/Users/Syf/Desktop/BS4/tools/i686-elf/i686-elf" "AR=ar " "AS=as" "CC=gcc" "CXX=g++" "LD=/usr/lib/gcc/x86_64-pc-cygwin/15.3.0/../../../../x86_64-pc-cygwin/bin/ld.exe" "LIBCFLAGS=-g -O2  " "NM=nm " "PICFLAG=" "RANLIB=ranlib " "DESTDIR=" DO=all multi-do # make
make[1]: Leaving directory '/c/Users/Syf/Desktop/BS4/tools/binutils-build/zlib'
make  all-am
make[2]: Entering directory '/c/Users/Syf/Desktop/BS4/tools/binutils-build/libsframe'
make[2]: Entering directory '/c/Users/Syf/Desktop/BS4/tools/binutils-build/libiberty/testsuite'
make[2]: Nothing to be done for 'all'.
make[2]: Leaving directory '/c/Users/Syf/Desktop/BS4/tools/binutils-build/libiberty/testsuite'
make[1]: Leaving directory '/c/Users/Syf/Desktop/BS4/tools/binutils-build/libiberty'
make[2]: Leaving directory '/c/Users/Syf/Desktop/BS4/tools/binutils-build/libsframe'
make[1]: Leaving directory '/c/Users/Syf/Desktop/BS4/tools/binutils-build/libsframe'
make[1]: Entering directory '/c/Users/Syf/Desktop/BS4/tools/binutils-build/bfd'
Making info in po
make[2]: Entering directory '/c/Users/Syf/Desktop/BS4/tools/binutils-build/bfd/po'
make[2]: Nothing to be done for 'info'.
make[2]: Leaving directory '/c/Users/Syf/Desktop/BS4/tools/binutils-build/bfd/po'
make[2]: Entering directory '/c/Users/Syf/Desktop/BS4/tools/binutils-build/bfd'
make[2]: Leaving directory '/c/Users/Syf/Desktop/BS4/tools/binutils-build/bfd'
make  all-recursive
make[2]: Entering directory '/c/Users/Syf/Desktop/BS4/tools/binutils-build/bfd'
Making all in po
make[3]: Entering directory '/c/Users/Syf/Desktop/BS4/tools/binutils-build/bfd/po'
make[3]: Nothing to be done for 'all'.
make[3]: Leaving directory '/c/Users/Syf/Desktop/BS4/tools/binutils-build/bfd/po'
make[3]: Entering directory '/c/Users/Syf/Desktop/BS4/tools/binutils-build/bfd'
make[3]: Leaving directory '/c/Users/Syf/Desktop/BS4/tools/binutils-build/bfd'
make[2]: Leaving directory '/c/Users/Syf/Desktop/BS4/tools/binutils-build/bfd'
make[1]: Leaving directory '/c/Users/Syf/Desktop/BS4/tools/binutils-build/bfd'
mkdir -p -- ./ld
Configuring in ./ld
make[1]: Entering directory '/c/Users/Syf/Desktop/BS4/tools/binutils-build/libctf'
make[1]: Entering directory '/c/Users/Syf/Desktop/BS4/tools/binutils-build/opcodes'
make  all-recursive
make  all-recursive
make[2]: Entering directory '/c/Users/Syf/Desktop/BS4/tools/binutils-build/libctf'
make[2]: Entering directory '/c/Users/Syf/Desktop/BS4/tools/binutils-build/opcodes'
make[3]: Entering directory '/c/Users/Syf/Desktop/BS4/tools/binutils-build/libctf'
Making all in .
make[3]: Entering directory '/c/Users/Syf/Desktop/BS4/tools/binutils-build/opcodes'
  CCLD     libctf.la
libtooldir=`/bin/sh ./libtool --config | sed -n -e 's/^objdir=//p'`; \
if [ -f $libtooldir/libopcodes.a ]; then \
  cp $libtooldir/libopcodes.a libopcodes.tmp; \
  ranlib  libopcodes.tmp; \
  /bin/sh /c/Users/Syf/Desktop/BS4/tools/binutils-src/opcodes/../move-if-change libopcodes.tmp libopcodes.a; \
else true; fi
touch stamp-lib
make[3]: Leaving directory '/c/Users/Syf/Desktop/BS4/tools/binutils-build/opcodes'
Making all in po
make[3]: Entering directory '/c/Users/Syf/Desktop/BS4/tools/binutils-build/opcodes/po'
make[3]: Nothing to be done for 'all'.
make[3]: Leaving directory '/c/Users/Syf/Desktop/BS4/tools/binutils-build/opcodes/po'
make[2]: Leaving directory '/c/Users/Syf/Desktop/BS4/tools/binutils-build/opcodes'
make[1]: Leaving directory '/c/Users/Syf/Desktop/BS4/tools/binutils-build/opcodes'
libtool: link: warning: `-version-info/-version-number' is ignored for convenience libraries
make[1]: Entering directory '/c/Users/Syf/Desktop/BS4/tools/binutils-build/gas'
make  all-recursive
make[2]: Entering directory '/c/Users/Syf/Desktop/BS4/tools/binutils-build/gas'
make[3]: Leaving directory '/c/Users/Syf/Desktop/BS4/tools/binutils-build/libctf'
make[2]: Leaving directory '/c/Users/Syf/Desktop/BS4/tools/binutils-build/libctf'
make[1]: Leaving directory '/c/Users/Syf/Desktop/BS4/tools/binutils-build/libctf'
Making all in po
make[3]: Entering directory '/c/Users/Syf/Desktop/BS4/tools/binutils-build/gas/po'
make[3]: Nothing to be done for 'all'.
make[3]: Leaving directory '/c/Users/Syf/Desktop/BS4/tools/binutils-build/gas/po'
make[3]: Entering directory '/c/Users/Syf/Desktop/BS4/tools/binutils-build/gas'
  GEN      doc/asconfig.texi
  CCLD     as-new.exe
configure: loading site script /etc/config.site
configure: creating cache ./config.cache
checking build system type... x86_64-pc-cygwin
checking host system type... x86_64-pc-cygwin
checking target system type... i686-pc-elf
checking for a BSD-compatible install... /usr/bin/install -c
checking whether build environment is sane... yes
checking for a thread-safe mkdir -p... /usr/bin/mkdir -p
checking for gawk... gawk
checking whether make sets $(MAKE)... yes
checking whether make supports nested variables... yes
checking whether make supports nested variables... (cached) yes
checking whether to enable maintainer-specific portions of Makefiles... no
checking for x86_64-pc-cygwin-gcc... gcc
make[3]: Leaving directory '/c/Users/Syf/Desktop/BS4/tools/binutils-build/gas'
make[2]: Leaving directory '/c/Users/Syf/Desktop/BS4/tools/binutils-build/gas'
make[1]: Leaving directory '/c/Users/Syf/Desktop/BS4/tools/binutils-build/gas'
make[1]: Entering directory '/c/Users/Syf/Desktop/BS4/tools/binutils-build/binutils'
checking whether the C compiler works...   GEN      sysroff.h
Making info in po
make[2]: Entering directory '/c/Users/Syf/Desktop/BS4/tools/binutils-build/binutils/po'
make[2]: Nothing to be done for 'info'.
make[2]: Leaving directory '/c/Users/Syf/Desktop/BS4/tools/binutils-build/binutils/po'
make[2]: Entering directory '/c/Users/Syf/Desktop/BS4/tools/binutils-build/binutils'
make[2]: Nothing to be done for 'info-am'.
make[2]: Leaving directory '/c/Users/Syf/Desktop/BS4/tools/binutils-build/binutils'
make  all-recursive
make[2]: Entering directory '/c/Users/Syf/Desktop/BS4/tools/binutils-build/binutils'
Making all in po
make[3]: Entering directory '/c/Users/Syf/Desktop/BS4/tools/binutils-build/binutils/po'
make[3]: Nothing to be done for 'all'.
make[3]: Leaving directory '/c/Users/Syf/Desktop/BS4/tools/binutils-build/binutils/po'
make[3]: Entering directory '/c/Users/Syf/Desktop/BS4/tools/binutils-build/binutils'
yes
checking for C compiler default output file name... a.exe
checking for suffix of executables...   CCLD     objdump.exe
.exe
checking whether we are cross compiling... make[3]: Leaving directory '/c/Users/Syf/Desktop/BS4/tools/binutils-build/binutils'
make[2]: Leaving directory '/c/Users/Syf/Desktop/BS4/tools/binutils-build/binutils'
make[1]: Leaving directory '/c/Users/Syf/Desktop/BS4/tools/binutils-build/binutils'
no
checking for suffix of object files... o
checking whether we are using the GNU C compiler... yes
checking whether gcc accepts -g... yes
checking for gcc option to accept ISO C89... none needed
checking whether gcc understands -c and -o together... yes
checking for style of include used by make... GNU
checking dependency style of gcc... gcc3
checking whether we are using the GNU C++ compiler... yes
checking whether g++ accepts -g... yes
checking dependency style of g++... gcc3
checking for grep that handles long lines and -e... /usr/bin/grep
checking how to run the C preprocessor... gcc -E
checking for egrep... /usr/bin/grep -E
checking for ANSI C header files... yes
checking for sys/types.h... yes
checking for sys/stat.h... yes
checking for stdlib.h... yes
checking for string.h... yes
checking for memory.h... yes
checking for strings.h... yes
checking for inttypes.h... yes
checking for stdint.h... yes
checking for unistd.h... yes
checking minix/config.h usability... no
checking minix/config.h presence... no
checking for minix/config.h... no
checking whether it is safe to define __EXTENSIONS__... yes
checking for x86_64-pc-cygwin-pkg-config... /usr/bin/x86_64-pc-cygwin-pkg-config
checking pkg-config is at least version 0.9.0... yes
checking how to print strings... printf
checking for a sed that does not truncate output... /usr/bin/sed
checking for fgrep... /usr/bin/grep -F
checking for ld used by gcc... /usr/lib/gcc/x86_64-pc-cygwin/15.3.0/../../../../x86_64-pc-cygwin/bin/ld.exe
checking if the linker (/usr/lib/gcc/x86_64-pc-cygwin/15.3.0/../../../../x86_64-pc-cygwin/bin/ld.exe) is GNU ld... yes
checking for BSD- or MS-compatible name lister (nm)... no
checking for x86_64-pc-cygwin-dumpbin... no
checking for x86_64-pc-cygwin-link... no
checking for dumpbin... no
checking for link... link -dump
checking the name lister (nm ) interface... BSD nm
checking whether ln -s works... no, using cp -pR
checking the maximum length of command line arguments... 8192
checking whether the shell understands some XSI constructs... yes
checking whether the shell understands "+="... yes
checking for /usr/lib/gcc/x86_64-pc-cygwin/15.3.0/../../../../x86_64-pc-cygwin/bin/ld.exe option to reload object files... -r
checking for x86_64-pc-cygwin-objdump... objdump
checking how to recognize dependent libraries... file_magic ^x86 archive import|^x86 DLL
checking for clang... no
checking for x86_64-pc-cygwin-llvm-config... no
checking for llvm-config... llvm-config
checking for x86_64-pc-cygwin-ar... ar 
checking for -plugin option... no
checking for x86_64-pc-cygwin-ar... (cached) ar 
checking for x86_64-pc-cygwin-strip... no
checking for strip... strip
checking for x86_64-pc-cygwin-ranlib... ranlib 
checking command to parse nm  output from gcc object... ok
checking for dlfcn.h... yes
checking for objdir... .libs
checking if gcc supports -fno-rtti -fno-exceptions... no
checking for gcc option to produce PIC... -DDLL_EXPORT -DPIC
checking if gcc PIC flag -DDLL_EXPORT -DPIC works... yes
checking if gcc static flag -static works... yes
checking if gcc supports -c -o file.o... yes
checking if gcc supports -c -o file.o... (cached) yes
checking whether the gcc linker (/usr/lib/gcc/x86_64-pc-cygwin/15.3.0/../../../../x86_64-pc-cygwin/bin/ld.exe) supports shared libraries... yes
checking dynamic linker characteristics... Win32 ld.exe
checking how to hardcode library paths into programs... immediate
checking whether stripping libraries is possible... yes
checking if libtool supports shared libraries... yes
checking whether to build shared libraries... no
checking whether to build static libraries... yes
checking how to run the C++ preprocessor... g++ -E
checking for ld used by g++... /usr/lib/gcc/x86_64-pc-cygwin/15.3.0/../../../../x86_64-pc-cygwin/bin/ld.exe
checking if the linker (/usr/lib/gcc/x86_64-pc-cygwin/15.3.0/../../../../x86_64-pc-cygwin/bin/ld.exe) is GNU ld... yes
checking whether the g++ linker (/usr/lib/gcc/x86_64-pc-cygwin/15.3.0/../../../../x86_64-pc-cygwin/bin/ld.exe) supports shared libraries... yes
checking for g++ option to produce PIC... -DDLL_EXPORT -DPIC
checking if g++ PIC flag -DDLL_EXPORT -DPIC works... yes
checking if g++ static flag -static works... yes
checking if g++ supports -c -o file.o... yes
checking if g++ supports -c -o file.o... (cached) yes
checking whether the g++ linker (/usr/lib/gcc/x86_64-pc-cygwin/15.3.0/../../../../x86_64-pc-cygwin/bin/ld.exe) supports shared libraries... yes
checking dynamic linker characteristics... Win32 ld.exe
checking how to hardcode library paths into programs... immediate
checking for dlfcn.h... (cached) yes
checking for windows.h... yes
checking for library containing dlsym... none required
checking for special C compiler options needed for large files... no
checking for _FILE_OFFSET_BITS value needed for large files... no
checking whether BFD is 64-bit... yes
Setting warning flags = -W -Wall -Wstrict-prototypes -Wmissing-prototypes -Wshadow -Wstack-usage=262144
checking for LC_MESSAGES... yes
checking whether NLS is requested... no
checking for msgfmt... /usr/bin/msgfmt
checking for gmsgfmt... /usr/bin/msgfmt
checking for xgettext... /usr/bin/xgettext
checking for msgmerge... /usr/bin/msgmerge
checking for ld used by GCC... /usr/lib/gcc/x86_64-pc-cygwin/15.3.0/../../../../x86_64-pc-cygwin/bin/ld.exe
checking if the linker (/usr/lib/gcc/x86_64-pc-cygwin/15.3.0/../../../../x86_64-pc-cygwin/bin/ld.exe) is GNU ld... yes
checking for shared library run path origin... done
checking for CFPreferencesCopyAppValue... no
checking for CFLocaleCopyPreferredLanguages... no
checking whether to use NLS... no
checking whether NLS is requested... no
checking for bison... bison -y
checking for flex... flex
checking lex output file root... lex.yy
checking lex library... -lfl
checking whether yytext is a pointer... yes
checking whether to enable maintainer-specific portions of Makefiles... no
checking how to compare bootstrapped objects... cmp --ignore-initial=16 $$f1 $$f2
checking fcntl.h usability... yes
checking fcntl.h presence... yes
checking for fcntl.h... yes
checking elf-hints.h usability... no
checking elf-hints.h presence... no
checking for elf-hints.h... no
checking limits.h usability... yes
checking limits.h presence... yes
checking for limits.h... yes
checking for inttypes.h... (cached) yes
checking for stdint.h... (cached) yes
checking sys/file.h usability... yes
checking sys/file.h presence... yes
checking for sys/file.h... yes
checking sys/mman.h usability... yes
checking sys/mman.h presence... yes
checking for sys/mman.h... yes
checking sys/param.h usability... yes
checking sys/param.h presence... yes
checking for sys/param.h... yes
checking for sys/stat.h... (cached) yes
checking sys/time.h usability... yes
checking sys/time.h presence... yes
checking for sys/time.h... yes
checking for sys/types.h... (cached) yes
checking for unistd.h... (cached) yes
checking for close... yes
checking for getrusage... yes
checking for glob... yes
checking for lseek... yes
checking for mkstemp... yes
checking for open... yes
checking for realpath... yes
checking for waitpid... yes
checking for mallinfo... yes
checking for mallinfo2... no
checking whether environ is declared... yes
checking whether stpcpy is declared... yes
checking whether strtoull is declared... yes
checking for stdlib.h... (cached) yes
checking for unistd.h... (cached) yes
checking for sys/param.h... (cached) yes
checking for getpagesize... yes
checking for working mmap... yes
checking for library containing dlopen... none required
checking for a known getopt prototype in unistd.h... yes
checking whether to use xxhash... no
checking for libzstd >= 1.4.0... no
configure: updating cache ./config.cache
checking that generated files are newer than configure... done
configure: creating ./config.status
config.status: creating Makefile
config.status: creating po/Makefile.in
config.status: creating config.h
config.status: executing depfiles commands
config.status: executing libtool commands
config.status: executing default-1 commands
config.status: executing default commands
make[1]: Entering directory '/c/Users/Syf/Desktop/BS4/tools/binutils-build/ld'
(echo "/* This file is automatically generated.  DO NOT EDIT! */";\
for f in `echo " " eelf_i386.o eelf_iamcu.o "" \
 | sed -e 's/ e/ ld/g' -e 's/ ld/ /g' -e 's/[.]o//g'`; do \
    echo "extern ld_emulation_xfer_type ld_${f}_emulation;"; \
done;\
echo "";\
echo "#define EMULATION_LIST \\";\
for f in `echo " " eelf_i386.o eelf_iamcu.o "" \
 | sed -e 's/ e/ ld/g' -e 's/ ld/ /g' -e 's/[.]o//g'`; do \
    echo "  &ld_${f}_emulation, \\"; \
done;\
echo "  0") >ldemul-tmp.h
mv ldemul-tmp.h ldemul-list.h
make  all-recursive
make[2]: Entering directory '/c/Users/Syf/Desktop/BS4/tools/binutils-build/ld'
Making all in po
make[3]: Entering directory '/c/Users/Syf/Desktop/BS4/tools/binutils-build/ld/po'
( if test 'x/c/Users/Syf/Desktop/BS4/tools/binutils-src/ld/po' != 'x.'; then \
    posrcprefix='/c/Users/Syf/Desktop/BS4/tools/binutils-src/ld/'; \
  else \
    posrcprefix="../"; \
  fi; \
  rm -f SRC-POTFILES-t SRC-POTFILES \
    && (sed -e '/^#/d' -e '/^[	 ]*$/d' \
	    -e "s@.*@	$posrcprefix& \\\\@" < /c/Users/Syf/Desktop/BS4/tools/binutils-src/ld/po/SRC-POTFILES.in \
	| sed -e '$s/\\$//') > SRC-POTFILES-t \
    && chmod a-w SRC-POTFILES-t \
    && mv SRC-POTFILES-t SRC-POTFILES )
rm -f BLD-POTFILES-t BLD-POTFILES \
  && sed -e '/^#/d' -e '/^[	 ]*$/d' \
	 -e "s@.*@	../& \\\\@" < /c/Users/Syf/Desktop/BS4/tools/binutils-src/ld/po/BLD-POTFILES.in \
     | sed -e '$s/\\$//' > BLD-POTFILES-t \
  && chmod a-w BLD-POTFILES-t \
  && mv BLD-POTFILES-t BLD-POTFILES
cd .. \
  && CONFIG_FILES=po/Makefile.in:po/Make-in \
     CONFIG_HEADERS= /bin/sh ./config.status
config.status: creating po/Makefile.in
config.status: executing depfiles commands
config.status: executing libtool commands
config.status: executing default-1 commands
config.status: executing default commands
make[3]: Nothing to be done for 'all'.
make[3]: Leaving directory '/c/Users/Syf/Desktop/BS4/tools/binutils-build/ld/po'
make[3]: Entering directory '/c/Users/Syf/Desktop/BS4/tools/binutils-build/ld'
  CC       libdep_plugin.lo
  CC       libldtestplug_la-testplug.lo
  CC       libldtestplug2_la-testplug2.lo
  CC       libldtestplug3_la-testplug3.lo
  CC       libldtestplug4_la-testplug4.lo
  CC       ldgram.o
  CC       ldlex-wrapper.o
  CC       lexsup.o
  CC       ldlang.o
  CC       mri.o
  CC       ldctor.o
  CC       ldmain.o
  CC       ldwrite.o
  CC       ldexp.o
  CC       ldemul.o
  CC       ldver.o
  CC       ldmisc.o
  CC       ldfile.o
  CC       ldcref.o
  CC       plugin.o
  CC       ldbuildid.o
  GEN      ldscripts/stamp
  CC       ldelf.o
  CC       ldelfgen.o
  GEN      libdep.la
libtool: link: warning: ignoring multiple `-rpath's for a libtool library
  CCLD     libldtestplug.la
  CCLD     libldtestplug2.la
  CCLD     libldtestplug3.la
  CCLD     libldtestplug4.la
  GEN      eelf_i386.c
  GEN      eelf_iamcu.c
  CC       eelf_iamcu.o
  CC       eelf_i386.o
  CCLD     ld-new.exe
make[3]: Leaving directory '/c/Users/Syf/Desktop/BS4/tools/binutils-build/ld'
make[2]: Leaving directory '/c/Users/Syf/Desktop/BS4/tools/binutils-build/ld'
make[1]: Leaving directory '/c/Users/Syf/Desktop/BS4/tools/binutils-build/ld'
