  % Total    % Received % Xferd  Average Speed  Time    Time    Time   Current
                                 Dload  Upload  Total   Spent   Left   Speed

  0      0   0      0   0      0      0      0                              0
  0 28.44M   0   7493   0      0   4308      0 1:55:24   00:01 1:55:23   6587
  0 28.44M   0  71493   0      0  26063      0   19:04   00:02   19:02  33385
  0 28.44M   0 179.1k   0      0  48677      0   10:12   00:03   10:09  57920
  1 28.44M   1 304.1k   0      0  63755      0   07:47   00:04   07:43  72708
  1 28.44M   1 460.4k   0      0  78897      0   06:18   00:05   06:13  87729
  2 28.44M   2 632.3k   0      0  91222      0   05:27   00:07   05:20 116.6k
  2 28.44M   2 835.4k   0      0 102.3k      0   04:44   00:08   04:36 141.3k
  3 28.44M   3  1.10M   0      0 121.8k      0   03:59   00:09   03:50 172.6k
  4 28.44M   4  1.38M   0      0 136.7k      0   03:32   00:10   03:22 202.9k
  6 28.44M   6  1.72M   0      0 153.3k      0   03:09   00:11   02:58 235.8k
  7 28.44M   7  2.08M   0      0 168.6k      0   02:52   00:12   02:40 270.6k
  8 28.44M   8  2.52M   0      0 188.9k      0   02:34   00:13   02:21 316.9k
  9 28.44M   9  2.72M   0      0 189.7k      0   02:33   00:14   02:19 306.3k
 12 28.44M  12  3.50M   0      0 227.0k      0   02:08   00:15   01:53 400.7k
 17 28.44M  17  4.90M   0      0 299.1k      0   01:37   00:16   01:21 616.7k
 23 28.44M  23  6.79M   0      0 390.2k      0   01:14   00:17   00:57 929.0k
 33 28.44M  33  9.47M   0      0 514.9k      0   00:56   00:18   00:38  1.34M
 43 28.44M  43 12.30M   0      0 635.0k      0   00:45   00:19   00:26  1.86M
 51 28.44M  51 14.71M   0      0 722.9k      0   00:40   00:20   00:20  2.21M
 59 28.44M  59 16.89M   0      0 791.6k      0   00:36   00:21   00:15  2.36M
 67 28.44M  67 19.07M   0      0 854.3k      0   00:34   00:22   00:12  2.44M
 74 28.44M  74 21.18M   0      0 908.8k      0   00:32   00:23   00:09  2.32M
 82 28.44M  82 23.47M   0      0 966.0k      0   00:30   00:24   00:06  2.21M
 88 28.44M  88 25.04M   0      0 957.7k      0   00:30   00:26   00:04  1.74M
 88 28.44M  88 25.04M   0      0 922.9k      0   00:31   00:27   00:04  1.37M
 88 28.44M  88 25.04M   0      0 890.4k      0   00:32   00:28   00:04  1.00M
 88 28.44M  88 25.04M   0      0 860.1k      0   00:33   00:29   00:04 664.8k
 88 28.44M  88 25.04M   0      0 832.2k      0   00:35   00:30   00:05 271.1k
 93 28.44M  93 26.45M   0      0 850.2k      0   00:34   00:31   00:03 284.1k
100 28.44M 100 28.44M   0      0 895.1k      0   00:32   00:32         284.1k
100 28.44M 100 28.44M   0      0 895.0k      0   00:32   00:32         284.1k
100 28.44M 100 28.44M   0      0 895.0k      0   00:32   00:32         284.1k
binutils-with-gold-2.46.tar.xz: OK
