configure: loading site script /etc/config.site
checking build system type... x86_64-pc-cygwin
checking host system type... x86_64-pc-cygwin
checking target system type... i686-pc-elf
checking for a BSD-compatible install... /usr/bin/install -c
checking whether ln works... yes
checking whether ln -s works... no, using cp -pR
checking for a sed that does not truncate output... /usr/bin/sed
checking for gawk... gawk
checking to see if cat works as expected... yes
checking for gcc... gcc
checking whether the C compiler works... yes
checking for C compiler default output file name... a.exe
checking for suffix of executables... .exe
checking whether we are cross compiling... no
checking for suffix of object files... o
checking whether we are using the GNU C compiler... yes
checking whether gcc accepts -g... yes
checking for gcc option to accept ISO C89... none needed
checking for gcc option to accept ISO C99... none needed
checking for g++... g++
checking whether we are using the GNU C++ compiler... yes
checking whether g++ accepts -g... yes
checking whether g++ accepts -static-libstdc++ -static-libgcc... yes
checking for gnatbind... no
checking for gnatmake... no
checking whether compiler driver understands Ada and is recent enough... no
checking for gdc... no
checking whether the D compiler works... no
checking for cargo... no
checking how to compare bootstrapped objects... cmp --ignore-initial=16 $$f1 $$f2
checking for objdir... .libs
checking for isl 0.15 or later... no
required isl version is 0.15 or later
checking whether to enable libgdiagnostics... no
checking for library containing dlopen... none required
checking for library containing pthread_create... none required
checking for default BUILD_CONFIG... 
checking for --enable-vtable-verify... no
checking for bison... bison -y
checking for bison... bison
checking for gm4... no
checking for gnum4... no
checking for m4... m4
checking for flex... flex
checking for flex... flex
checking for makeinfo... no
/c/Users/Syf/Desktop/BS4/tools/binutils-src/missing: line 81: makeinfo: command not found
checking for expect... no
checking for runtest... no
checking for ar... ar
checking for as... as
checking for dlltool... dlltool
checking for dsymutil... dsymutil
checking for ld... (cached) /usr/lib/gcc/x86_64-pc-cygwin/15.3.0/../../../../x86_64-pc-cygwin/bin/ld.exe
checking for lipo... no
checking for nm... nm
checking for ranlib... ranlib
checking for strip... strip
checking for windres... windres
checking for windmc... windmc
checking for objcopy... objcopy
checking for objdump... objdump
checking for otool... no
checking for readelf... readelf
checking how to run the C preprocessor... gcc -E
checking for grep that handles long lines and -e... /usr/bin/grep
checking for egrep... /usr/bin/grep -E
checking for clang... no
checking for llvm-config... llvm-config
checking for -plugin option... no
checking for i686-elf-cc... no
checking for i686-elf-gcc... no
checking for i686-elf-c++... no
checking for i686-elf-g++... no
checking for i686-elf-cxx... no
checking for i686-elf-gxx... no
checking for i686-elf-gcc... no
checking for i686-elf-gfortran... no
checking for i686-elf-gccgo... no
checking for i686-elf-gdc... no
checking for i686-elf-gm2... no
checking for i686-elf-ar... no
checking for i686-elf-as... no
checking for i686-elf-dlltool... no
checking for i686-elf-dsymutil... no
checking for i686-elf-ld... no
checking for i686-elf-lipo... no
checking for i686-elf-nm... no
checking for i686-elf-objcopy... no
checking for i686-elf-objdump... no
checking for i686-elf-otool... no
checking for i686-elf-ranlib... no
checking for i686-elf-readelf... no
checking for i686-elf-strip... no
checking for i686-elf-windres... no
checking for i686-elf-windmc... no
checking where to find the target ar... just compiled
checking where to find the target as... just compiled
checking where to find the target cc... pre-installed
checking where to find the target c++... pre-installed
checking where to find the target c++ for libstdc++... pre-installed
checking where to find the target dlltool... just compiled
checking where to find the target dsymutil... pre-installed
checking where to find the target gcc... pre-installed
checking where to find the target gfortran... pre-installed
checking where to find the target gccgo... pre-installed
checking where to find the target gdc... pre-installed
checking where to find the target gm2... pre-installed
checking where to find the target ld... just compiled
checking where to find the target lipo... pre-installed
checking where to find the target nm... just compiled
checking where to find the target objcopy... just compiled
checking where to find the target objdump... just compiled
checking where to find the target otool... pre-installed
checking where to find the target ranlib... just compiled
checking where to find the target readelf... just compiled
checking where to find the target strip... just compiled
checking where to find the target windres... just compiled
checking where to find the target windmc... just compiled
checking for clang for target... no
checking for gcc for target... no
checking for target -plugin option... no
checking whether to enable maintainer-specific portions of Makefiles... no
configure: creating ./config.status
config.status: creating Makefile
