  % Total    % Received % Xferd  Average Speed  Time    Time    Time   Current
                                 Dload  Upload  Total   Spent   Left   Speed

  0      0   0      0   0      0      0      0                              0
  1 27.22M   1 421.3k   0      0 224.0k      0   02:04   00:01   02:03 419.8k
  5 27.22M   5  1.57M   0      0 546.5k      0   00:51   00:02   00:49 776.9k
  9 27.22M   9  2.69M   0      0 686.8k      0   00:40   00:04   00:36 878.7k
 11 27.22M  11  3.08M   0      0 621.9k      0   00:44   00:05   00:39 751.4k
 14 27.22M  14  3.98M   0      0 663.4k      0   00:42   00:06   00:36 773.5k
 17 27.22M  17  4.82M   0      0 687.9k      0   00:40   00:07   00:33 852.7k
 19 27.22M  19  5.30M   0      0 655.8k      0   00:42   00:08   00:34 716.6k
 19 27.22M  19  5.43M   0      0 594.5k      0   00:46   00:09   00:37 525.3k
 21 27.22M  21  5.79M   0      0 572.5k      0   00:48   00:10   00:38 524.9k
 23 27.22M  23  6.30M   0      0 561.1k      0   00:49   00:11   00:38 443.4k
 25 27.22M  25  6.94M   0      0 563.8k      0   00:49   00:12   00:37 400.2k
 27 27.22M  27  7.52M   0      0 562.2k      0   00:49   00:13   00:36 419.3k
 29 27.22M  29  8.05M   0      0 559.7k      0   00:49   00:14   00:35 499.1k
 31 27.22M  31  8.70M   0      0 563.5k      0   00:49   00:15   00:34 546.4k
 34 27.22M  34  9.43M   0      0 571.9k      0   00:48   00:16   00:32 595.1k
 37 27.22M  37 10.27M   0      0 587.7k      0   00:47   00:17   00:30 644.9k
 42 27.22M  42 11.48M   0      0 619.9k      0   00:44   00:18   00:26 769.6k
 48 27.22M  48 13.12M   0      0 671.2k      0   00:41   00:20   00:21 981.7k
 54 27.22M  54 14.70M   0      0 716.2k      0   00:38   00:21   00:17  1.15M
 58 27.22M  58 16.03M   0      0 741.7k      0   00:37   00:22   00:15  1.25M
 63 27.22M  63 17.40M   0      0 768.3k      0   00:36   00:23   00:13  1.34M
 67 27.22M  67 18.37M   0      0 776.5k      0   00:35   00:24   00:11  1.30M
 70 27.22M  70 19.18M   0      0 775.6k      0   00:35   00:25   00:10  1.14M
 74 27.22M  74 20.15M   0      0 783.8k      0   00:35   00:26   00:09  1.02M
 76 27.22M  76 20.94M   0      0 781.8k      0   00:35   00:27   00:08 949.9k
 78 27.22M  78 21.25M   0      0 762.2k      0   00:36   00:28   00:08 735.7k
 78 27.22M  78 21.29M   0      0 737.0k      0   00:37   00:29   00:08 557.8k
 78 27.22M  78 21.37M   0      0 714.3k      0   00:39   00:30   00:09 422.0k
 80 27.22M  80 21.87M   0      0 706.0k      0   00:39   00:31   00:08 325.8k
 83 27.22M  83 22.75M   0      0 711.2k      0   00:39   00:32   00:07 348.4k
 87 27.22M  87 23.73M   0      0 718.8k      0   00:38   00:33   00:05 483.1k
 91 27.22M  91 24.86M   0      0 729.6k      0   00:38   00:34   00:04 688.5k
 95 27.22M  95 25.91M   0      0 737.7k      0   00:37   00:35   00:02 872.5k
 99 27.22M  99 27.08M   0      0 748.0k      0   00:37   00:37         997.0k
100 27.22M 100 27.22M   0      0 751.7k      0   00:37   00:37         997.0k
100 27.22M 100 27.22M   0      0 751.7k      0   00:37   00:37         997.0k
100 27.22M 100 27.22M   0      0 751.7k      0   00:37   00:37         997.0k
  % Total    % Received % Xferd  Average Speed  Time    Time    Time   Current
                                 Dload  Upload  Total   Spent   Left   Speed

  0      0   0      0   0      0      0      0                              0
curl: (22) The requested URL returned error: 404
