  Working around non-functional -fwhole-program
/usr/lib/gcc/x86_64-pc-cygwin/15.3.0/../../../../x86_64-pc-cygwin/bin/ld: scripts/kconfig/conf.o:conf.c:(.text+0x124): undefined reference to `__mingw_printf'
/usr/lib/gcc/x86_64-pc-cygwin/15.3.0/../../../../x86_64-pc-cygwin/bin/ld: scripts/kconfig/conf.o:conf.c:(.text+0x216): undefined reference to `__mingw_printf'
/usr/lib/gcc/x86_64-pc-cygwin/15.3.0/../../../../x86_64-pc-cygwin/bin/ld: scripts/kconfig/conf.o:conf.c:(.text+0x22d): undefined reference to `__mingw_printf'
/usr/lib/gcc/x86_64-pc-cygwin/15.3.0/../../../../x86_64-pc-cygwin/bin/ld: scripts/kconfig/conf.o:conf.c:(.text+0x244): undefined reference to `__mingw_printf'
/usr/lib/gcc/x86_64-pc-cygwin/15.3.0/../../../../x86_64-pc-cygwin/bin/ld: scripts/kconfig/conf.o:conf.c:(.text+0x29e): undefined reference to `__mingw_printf'
/usr/lib/gcc/x86_64-pc-cygwin/15.3.0/../../../../x86_64-pc-cygwin/bin/ld: scripts/kconfig/conf.o:conf.c:(.text+0x330): undefined reference to `__imp___acrt_iob_func'
/usr/lib/gcc/x86_64-pc-cygwin/15.3.0/../../../../x86_64-pc-cygwin/bin/ld: scripts/kconfig/conf.o:conf.c:(.text+0x346): undefined reference to `__imp___acrt_iob_func'
/usr/lib/gcc/x86_64-pc-cygwin/15.3.0/../../../../x86_64-pc-cygwin/bin/ld: scripts/kconfig/conf.o:conf.c:(.text+0x3b2): undefined reference to `__mingw_printf'
/usr/lib/gcc/x86_64-pc-cygwin/15.3.0/../../../../x86_64-pc-cygwin/bin/ld: scripts/kconfig/conf.o:conf.c:(.text+0x40e): undefined reference to `__mingw_printf'
/usr/lib/gcc/x86_64-pc-cygwin/15.3.0/../../../../x86_64-pc-cygwin/bin/ld: scripts/kconfig/conf.o:conf.c:(.text+0x425): undefined reference to `__mingw_printf'
/usr/lib/gcc/x86_64-pc-cygwin/15.3.0/../../../../x86_64-pc-cygwin/bin/ld: scripts/kconfig/conf.o:conf.c:(.text+0x459): undefined reference to `__mingw_printf'
/usr/lib/gcc/x86_64-pc-cygwin/15.3.0/../../../../x86_64-pc-cygwin/bin/ld: scripts/kconfig/conf.o:conf.c:(.text+0x557): undefined reference to `__mingw_printf'
/usr/lib/gcc/x86_64-pc-cygwin/15.3.0/../../../../x86_64-pc-cygwin/bin/ld: scripts/kconfig/conf.o:conf.c:(.text+0x57b): more undefined references to `__mingw_printf' follow
/usr/lib/gcc/x86_64-pc-cygwin/15.3.0/../../../../x86_64-pc-cygwin/bin/ld: scripts/kconfig/conf.o:conf.c:(.text+0xb86): undefined reference to `__imp___acrt_iob_func'
/usr/lib/gcc/x86_64-pc-cygwin/15.3.0/../../../../x86_64-pc-cygwin/bin/ld: scripts/kconfig/conf.o:conf.c:(.text+0xb9c): undefined reference to `__imp___acrt_iob_func'
/usr/lib/gcc/x86_64-pc-cygwin/15.3.0/../../../../x86_64-pc-cygwin/bin/ld: scripts/kconfig/conf.o:conf.c:(.text+0xe35): undefined reference to `__mingw_printf'
/usr/lib/gcc/x86_64-pc-cygwin/15.3.0/../../../../x86_64-pc-cygwin/bin/ld: scripts/kconfig/conf.o:conf.c:(.text+0xfd8): undefined reference to `__mingw_printf'
/usr/lib/gcc/x86_64-pc-cygwin/15.3.0/../../../../x86_64-pc-cygwin/bin/ld: scripts/kconfig/conf.o:conf.c:(.text+0x100f): undefined reference to `__mingw_printf'
/usr/lib/gcc/x86_64-pc-cygwin/15.3.0/../../../../x86_64-pc-cygwin/bin/ld: scripts/kconfig/conf.o:conf.c:(.text+0x1086): undefined reference to `__mingw_printf'
/usr/lib/gcc/x86_64-pc-cygwin/15.3.0/../../../../x86_64-pc-cygwin/bin/ld: scripts/kconfig/conf.o:conf.c:(.text+0x1326): undefined reference to `__imp___acrt_iob_func'
/usr/lib/gcc/x86_64-pc-cygwin/15.3.0/../../../../x86_64-pc-cygwin/bin/ld: scripts/kconfig/conf.o:conf.c:(.text+0x1340): undefined reference to `__mingw_fprintf'
/usr/lib/gcc/x86_64-pc-cygwin/15.3.0/../../../../x86_64-pc-cygwin/bin/ld: scripts/kconfig/conf.o:conf.c:(.text+0x13ca): undefined reference to `__mingw_printf'
/usr/lib/gcc/x86_64-pc-cygwin/15.3.0/../../../../x86_64-pc-cygwin/bin/ld: scripts/kconfig/conf.o:conf.c:(.text+0x1430): undefined reference to `stat64i32'
/usr/lib/gcc/x86_64-pc-cygwin/15.3.0/../../../../x86_64-pc-cygwin/bin/ld: scripts/kconfig/conf.o:conf.c:(.text+0x1452): undefined reference to `__imp___acrt_iob_func'
/usr/lib/gcc/x86_64-pc-cygwin/15.3.0/../../../../x86_64-pc-cygwin/bin/ld: scripts/kconfig/conf.o:conf.c:(.text+0x1466): undefined reference to `__mingw_fprintf'
/usr/lib/gcc/x86_64-pc-cygwin/15.3.0/../../../../x86_64-pc-cygwin/bin/ld: scripts/kconfig/conf.o:conf.c:(.text+0x14e7): undefined reference to `__mingw_printf'
/usr/lib/gcc/x86_64-pc-cygwin/15.3.0/../../../../x86_64-pc-cygwin/bin/ld: scripts/kconfig/conf.o:conf.c:(.text+0x157a): undefined reference to `__imp___acrt_iob_func'
/usr/lib/gcc/x86_64-pc-cygwin/15.3.0/../../../../x86_64-pc-cygwin/bin/ld: scripts/kconfig/conf.o:conf.c:(.text+0x158e): undefined reference to `__mingw_fprintf'
/usr/lib/gcc/x86_64-pc-cygwin/15.3.0/../../../../x86_64-pc-cygwin/bin/ld: scripts/kconfig/conf.o:conf.c:(.text+0x1655): undefined reference to `__imp___acrt_iob_func'
/usr/lib/gcc/x86_64-pc-cygwin/15.3.0/../../../../x86_64-pc-cygwin/bin/ld: scripts/kconfig/conf.o:conf.c:(.text+0x1669): undefined reference to `__mingw_fprintf'
/usr/lib/gcc/x86_64-pc-cygwin/15.3.0/../../../../x86_64-pc-cygwin/bin/ld: scripts/kconfig/conf.o:conf.c:(.text+0x16d6): undefined reference to `__imp___acrt_iob_func'
/usr/lib/gcc/x86_64-pc-cygwin/15.3.0/../../../../x86_64-pc-cygwin/bin/ld: scripts/kconfig/conf.o:conf.c:(.text+0x16e3): undefined reference to `__mingw_fprintf'
/usr/lib/gcc/x86_64-pc-cygwin/15.3.0/../../../../x86_64-pc-cygwin/bin/ld: scripts/kconfig/conf.o:conf.c:(.text+0x1899): undefined reference to `__imp___acrt_iob_func'
/usr/lib/gcc/x86_64-pc-cygwin/15.3.0/../../../../x86_64-pc-cygwin/bin/ld: scripts/kconfig/conf.o:conf.c:(.text+0x18a6): undefined reference to `__mingw_fprintf'
/usr/lib/gcc/x86_64-pc-cygwin/15.3.0/../../../../x86_64-pc-cygwin/bin/ld: scripts/kconfig/conf.o:conf.c:(.text+0x18db): undefined reference to `__imp___acrt_iob_func'
/usr/lib/gcc/x86_64-pc-cygwin/15.3.0/../../../../x86_64-pc-cygwin/bin/ld: scripts/kconfig/conf.o:conf.c:(.text+0x18e8): undefined reference to `__mingw_fprintf'
/usr/lib/gcc/x86_64-pc-cygwin/15.3.0/../../../../x86_64-pc-cygwin/bin/ld: scripts/kconfig/conf.o:conf.c:(.text+0x192f): undefined reference to `__imp___acrt_iob_func'
/usr/lib/gcc/x86_64-pc-cygwin/15.3.0/../../../../x86_64-pc-cygwin/bin/ld: scripts/kconfig/conf.o:conf.c:(.text+0x1943): undefined reference to `__mingw_fprintf'
/usr/lib/gcc/x86_64-pc-cygwin/15.3.0/../../../../x86_64-pc-cygwin/bin/ld: scripts/kconfig/conf.o:conf.c:(.text+0x1981): undefined reference to `__imp___acrt_iob_func'
/usr/lib/gcc/x86_64-pc-cygwin/15.3.0/../../../../x86_64-pc-cygwin/bin/ld: scripts/kconfig/conf.o:conf.c:(.text+0x198e): undefined reference to `__mingw_fprintf'
/usr/lib/gcc/x86_64-pc-cygwin/15.3.0/../../../../x86_64-pc-cygwin/bin/ld: scripts/kconfig/conf.o:conf.c:(.text+0x19e1): undefined reference to `__imp___acrt_iob_func'
collect2: error: ld returned 1 exit status
make[1]: *** [/c/Users/Syf/Desktop/BS4/orbital-500/orbital-bios/scripts/kconfig/Makefile:331: scripts/kconfig/conf] Error 1
  Working around non-functional -fwhole-program
make[1]: warning: jobserver unavailable: using -j1.  Add '+' to parent make rule.
scripts/kconfig/conf --olddefconfig /c/Users/Syf/Desktop/BS4/orbital-500/orbital-bios/src/Kconfig
/c/Users/Syf/Desktop/BS4/orbital-500/orbital-bios/src/Kconfig:133: syntax error
/c/Users/Syf/Desktop/BS4/orbital-500/orbital-bios/src/Kconfig:132: unknown option "Currently"
/c/Users/Syf/Desktop/BS4/orbital-500/orbital-bios/src/Kconfig:133: unknown option "it"
/c/Users/Syf/Desktop/BS4/orbital-500/orbital-bios/src/Kconfig:134: unknown option "probably"
/c/Users/Syf/Desktop/BS4/orbital-500/orbital-bios/src/Kconfig:328: syntax error
/c/Users/Syf/Desktop/BS4/orbital-500/orbital-bios/src/Kconfig:327: unknown option "Disabling"
/c/Users/Syf/Desktop/BS4/orbital-500/orbital-bios/src/Kconfig:328: unknown option "cmos"
/c/Users/Syf/Desktop/BS4/orbital-500/orbital-bios/src/Kconfig:533: syntax error
/c/Users/Syf/Desktop/BS4/orbital-500/orbital-bios/src/Kconfig:532: unknown option "Set"
/c/Users/Syf/Desktop/BS4/orbital-500/orbital-bios/src/Kconfig:133:warning: multi-line strings not supported
make[1]: *** [/c/Users/Syf/Desktop/BS4/orbital-500/orbital-bios/scripts/kconfig/Makefile:86: olddefconfig] Error 1
make: Nothing to be done for 'all'.
