Install prefix    c:/Program Files/QEMU
BIOS directory    c:/Program Files/QEMU
firmware path     c:/Program Files/QEMU/share/qemu-firmware
binary directory  c:/Program Files/QEMU
library directory c:/Program Files/QEMU/lib
module directory  c:/Program Files/QEMU/lib
libexec directory c:/Program Files/QEMU/libexec
include directory c:/Program Files/QEMU/include
config directory  c:/Program Files/QEMU
local state directory   queried at runtime
Windows SDK       no
Source path       /c/Users/Syf/Desktop/BS4/orbital-500/orbital-qemu
GIT binary        git
GIT submodules    ui/keycodemapdb
C compiler        cc
Host C compiler   cc
C++ compiler      c++
Objective-C compiler cc
ARFLAGS           rv
CFLAGS            -g 
QEMU_CFLAGS       -I/mingw64/include/pixman-1  -I/mingw64/include/glib-2.0 -I/mingw64/lib/glib-2.0/include -m64 -mcx16 -mthreads -D__USE_MINGW_ANSI_STDIO=1 -DWIN32_LEAN_AND_MEAN -DWINVER=0x501 -D_GNU_SOURCE -D_FILE_OFFSET_BITS=64 -D_LARGEFILE_SOURCE -Wstrict-prototypes -Wredundant-decls -Wall -Wundef -Wwrite-strings -Wmissing-prototypes -fno-strict-aliasing -fno-common -fwrapv  -Wno-error=address-of-packed-member -Wexpansion-to-defined -Wendif-labels -Wno-shift-negative-value -Wno-missing-include-dirs -Wempty-body -Wnested-externs -Wformat-security -Wformat-y2k -Winit-self -Wignored-qualifiers -Wold-style-declaration -Wold-style-definition -Wtype-limits -fstack-protector-strong  -I/mingw64/include 
LDFLAGS           -Wl,--warn-common -m64 -g 
make              make
install           install
python            python -B
smbd              /usr/sbin/smbd
module support    no
host CPU          x86_64
host big endian   no
target list       ps4-softmmu
gprof enabled     no
sparse enabled    no
strip binaries    no
profiler          no
static build      no
SDL support       yes (2.32.10)
GTK support       no 
GTK GL support    no
VTE support       no 
TLS priority      NORMAL
GNUTLS support    yes
GNUTLS rnd        yes
libgcrypt         yes
libgcrypt kdf     yes
nettle            no 
nettle kdf        no
libtasn1          yes
curses support    no
virgl support     no
curl support      no
mingw32 support   yes
Audio drivers     dsound
Block whitelist (rw) 
Block whitelist (ro) 
VirtFS support    no
Multipath support no
VNC support       yes
VNC SASL support  no
VNC JPEG support  no
VNC PNG support   no
xen support       no
brlapi support    no
bluez  support    no
Documentation     no
PIE               no
vde support       no
netmap support    no
Linux AIO support no
ATTR/XATTR support no
Install blobs     yes
KVM support       no
HAX support       yes
HVF support       no
WHPX support      no
TCG support       yes
TCG debug enabled yes
TCG interpreter   no
malloc trim support no
RDMA support      no
fdt support       yes
membarrier        no
preadv support    no
fdatasync         no
madvise           no
posix_madvise     no
posix_memalign    no
libcap-ng support no
vhost-net support no
vhost-crypto support no
vhost-scsi support no
vhost-vsock support no
vhost-user support no
Trace backends    log
spice support     no 
rbd support       no
xfsctl support    no
smartcard support no
libusb            yes
usb net redir     no
OpenGL support    no
OpenGL dmabufs    no
Vulkan support    yes
libiscsi support  no
libnfs support    no
build guest agent yes
QGA VSS support   no
QGA w32 disk info yes
QGA MSI support   no
seccomp support   no
coroutine backend win32
coroutine pool    yes
debug stack usage no
crypto afalg      no
GlusterFS support no
gcov              gcov
gcov enabled      no
TPM support       yes
libssh2 support   no
TPM passthrough   no
TPM emulator      no
QOM debugging     yes
Live block migration yes
lzo support       no
snappy support    no
bzip2 support     yes
NUMA host support no
libxml2           no
tcmalloc support  no
jemalloc support  no
avx2 optimization yes
replication support yes
VxHS block device no
capstone          no
  GEN     config-host.h
  GEN     trace/generated-tcg-tracers.h
  GEN     trace/generated-helpers-wrappers.h
/c/Users/Syf/Desktop/BS4/orbital-500/orbital-qemu/scripts/tracetool/__init__.py:78: SyntaxWarning: invalid escape sequence '\*'
  bit = re.sub("\*", "", bit)
/c/Users/Syf/Desktop/BS4/orbital-500/orbital-qemu/scripts/tracetool/__init__.py:205: SyntaxWarning: invalid escape sequence '\w'
  _CRE = re.compile("((?P<props>[\w\s]+)\s+)?"
/c/Users/Syf/Desktop/BS4/orbital-500/orbital-qemu/scripts/tracetool/__init__.py:206: SyntaxWarning: invalid escape sequence '\w'
  "(?P<name>\w+)"
/c/Users/Syf/Desktop/BS4/orbital-500/orbital-qemu/scripts/tracetool/__init__.py:207: SyntaxWarning: invalid escape sequence '\('
  "\((?P<args>[^)]*)\)"
/c/Users/Syf/Desktop/BS4/orbital-500/orbital-qemu/scripts/tracetool/__init__.py:208: SyntaxWarning: invalid escape sequence '\s'
  "\s*"
/c/Users/Syf/Desktop/BS4/orbital-500/orbital-qemu/scripts/tracetool/__init__.py:209: SyntaxWarning: invalid escape sequence '\s'
  "(?:(?:(?P<fmt_trans>\".+),)?\s*(?P<fmt>\".+))?"
/c/Users/Syf/Desktop/BS4/orbital-500/orbital-qemu/scripts/tracetool/__init__.py:210: SyntaxWarning: invalid escape sequence '\s'
  "\s*")
/c/Users/Syf/Desktop/BS4/orbital-500/orbital-qemu/scripts/tracetool/__init__.py:312: SyntaxWarning: invalid escape sequence '\d'
  _FMT = re.compile("(%[\d\.]*\w+|%.*?PRI\S+)")
/c/Users/Syf/Desktop/BS4/orbital-500/orbital-qemu/scripts/tracetool/__init__.py:452: SyntaxWarning: "is" with 'int' literal. Did you mean "=="?
  if len(format) is 0:
/c/Users/Syf/Desktop/BS4/orbital-500/orbital-qemu/scripts/tracetool/__init__.py:457: SyntaxWarning: "is" with 'int' literal. Did you mean "=="?
  if len(backends) is 0:
/c/Users/Syf/Desktop/BS4/orbital-500/orbital-qemu/scripts/tracetool/__init__.py:78: SyntaxWarning: invalid escape sequence '\*'
  bit = re.sub("\*", "", bit)
/c/Users/Syf/Desktop/BS4/orbital-500/orbital-qemu/scripts/tracetool/__init__.py:205: SyntaxWarning: invalid escape sequence '\w'
  _CRE = re.compile("((?P<props>[\w\s]+)\s+)?"
/c/Users/Syf/Desktop/BS4/orbital-500/orbital-qemu/scripts/tracetool/__init__.py:206: SyntaxWarning: invalid escape sequence '\w'
  "(?P<name>\w+)"
/c/Users/Syf/Desktop/BS4/orbital-500/orbital-qemu/scripts/tracetool/__init__.py:207: SyntaxWarning: invalid escape sequence '\('
  "\((?P<args>[^)]*)\)"
/c/Users/Syf/Desktop/BS4/orbital-500/orbital-qemu/scripts/tracetool/__init__.py:208: SyntaxWarning: invalid escape sequence '\s'
  "\s*"
/c/Users/Syf/Desktop/BS4/orbital-500/orbital-qemu/scripts/tracetool/__init__.py:209: SyntaxWarning: invalid escape sequence '\s'
  "(?:(?:(?P<fmt_trans>\".+),)?\s*(?P<fmt>\".+))?"
/c/Users/Syf/Desktop/BS4/orbital-500/orbital-qemu/scripts/tracetool/__init__.py:210: SyntaxWarning: invalid escape sequence '\s'
  "\s*")
/c/Users/Syf/Desktop/BS4/orbital-500/orbital-qemu/scripts/tracetool/__init__.py:312: SyntaxWarning: invalid escape sequence '\d'
  _FMT = re.compile("(%[\d\.]*\w+|%.*?PRI\S+)")
/c/Users/Syf/Desktop/BS4/orbital-500/orbital-qemu/scripts/tracetool/__init__.py:452: SyntaxWarning: "is" with 'int' literal. Did you mean "=="?
  if len(format) is 0:
/c/Users/Syf/Desktop/BS4/orbital-500/orbital-qemu/scripts/tracetool/__init__.py:457: SyntaxWarning: "is" with 'int' literal. Did you mean "=="?
  if len(backends) is 0:
  GEN     trace/generated-helpers.h
  GEN     module_block.h
  GEN     trace/generated-helpers.c
/c/Users/Syf/Desktop/BS4/orbital-500/orbital-qemu/scripts/tracetool/__init__.py:78: SyntaxWarning: invalid escape sequence '\*'
  bit = re.sub("\*", "", bit)
/c/Users/Syf/Desktop/BS4/orbital-500/orbital-qemu/scripts/tracetool/__init__.py:205: SyntaxWarning: invalid escape sequence '\w'
  _CRE = re.compile("((?P<props>[\w\s]+)\s+)?"
/c/Users/Syf/Desktop/BS4/orbital-500/orbital-qemu/scripts/tracetool/__init__.py:206: SyntaxWarning: invalid escape sequence '\w'
  "(?P<name>\w+)"
/c/Users/Syf/Desktop/BS4/orbital-500/orbital-qemu/scripts/tracetool/__init__.py:207: SyntaxWarning: invalid escape sequence '\('
  "\((?P<args>[^)]*)\)"
/c/Users/Syf/Desktop/BS4/orbital-500/orbital-qemu/scripts/tracetool/__init__.py:208: SyntaxWarning: invalid escape sequence '\s'
  "\s*"
/c/Users/Syf/Desktop/BS4/orbital-500/orbital-qemu/scripts/tracetool/__init__.py:209: SyntaxWarning: invalid escape sequence '\s'
  "(?:(?:(?P<fmt_trans>\".+),)?\s*(?P<fmt>\".+))?"
/c/Users/Syf/Desktop/BS4/orbital-500/orbital-qemu/scripts/tracetool/__init__.py:210: SyntaxWarning: invalid escape sequence '\s'
  "\s*")
/c/Users/Syf/Desktop/BS4/orbital-500/orbital-qemu/scripts/tracetool/__init__.py:312: SyntaxWarning: invalid escape sequence '\d'
  _FMT = re.compile("(%[\d\.]*\w+|%.*?PRI\S+)")
/c/Users/Syf/Desktop/BS4/orbital-500/orbital-qemu/scripts/tracetool/__init__.py:452: SyntaxWarning: "is" with 'int' literal. Did you mean "=="?
  if len(format) is 0:
/c/Users/Syf/Desktop/BS4/orbital-500/orbital-qemu/scripts/tracetool/__init__.py:457: SyntaxWarning: "is" with 'int' literal. Did you mean "=="?
  if len(backends) is 0:
/c/Users/Syf/Desktop/BS4/orbital-500/orbital-qemu/scripts/tracetool/__init__.py:78: SyntaxWarning: invalid escape sequence '\*'
  bit = re.sub("\*", "", bit)
/c/Users/Syf/Desktop/BS4/orbital-500/orbital-qemu/scripts/tracetool/__init__.py:205: SyntaxWarning: invalid escape sequence '\w'
  _CRE = re.compile("((?P<props>[\w\s]+)\s+)?"
/c/Users/Syf/Desktop/BS4/orbital-500/orbital-qemu/scripts/tracetool/__init__.py:206: SyntaxWarning: invalid escape sequence '\w'
  "(?P<name>\w+)"
/c/Users/Syf/Desktop/BS4/orbital-500/orbital-qemu/scripts/tracetool/__init__.py:207: SyntaxWarning: invalid escape sequence '\('
  "\((?P<args>[^)]*)\)"
/c/Users/Syf/Desktop/BS4/orbital-500/orbital-qemu/scripts/tracetool/__init__.py:208: SyntaxWarning: invalid escape sequence '\s'
  "\s*"
/c/Users/Syf/Desktop/BS4/orbital-500/orbital-qemu/scripts/tracetool/__init__.py:209: SyntaxWarning: invalid escape sequence '\s'
  "(?:(?:(?P<fmt_trans>\".+),)?\s*(?P<fmt>\".+))?"
/c/Users/Syf/Desktop/BS4/orbital-500/orbital-qemu/scripts/tracetool/__init__.py:210: SyntaxWarning: invalid escape sequence '\s'
  "\s*")
/c/Users/Syf/Desktop/BS4/orbital-500/orbital-qemu/scripts/tracetool/__init__.py:312: SyntaxWarning: invalid escape sequence '\d'
  _FMT = re.compile("(%[\d\.]*\w+|%.*?PRI\S+)")
/c/Users/Syf/Desktop/BS4/orbital-500/orbital-qemu/scripts/tracetool/__init__.py:452: SyntaxWarning: "is" with 'int' literal. Did you mean "=="?
  if len(format) is 0:
/c/Users/Syf/Desktop/BS4/orbital-500/orbital-qemu/scripts/tracetool/__init__.py:457: SyntaxWarning: "is" with 'int' literal. Did you mean "=="?
  if len(backends) is 0:
  RC      version.o
  CC      qga/commands.o
  CC      qga/main.o
  CC      qga/guest-agent-command-state.o
  CC      qga/commands-win32.o
qga/main.c: In function 'ga_log':
qga/main.c:304:5: warning: 'GTimeVal' is deprecated: Use 'GDateTime' instead [-Wdeprecated-declarations]
  304 |     GTimeVal time;
      |     ^~~~~~~~
In file included from C:/Users/Syf/Desktop/BS4/tools/msys64/msys64/mingw64/include/glib-2.0/glib/galloca.h:34,
                 from C:/Users/Syf/Desktop/BS4/tools/msys64/msys64/mingw64/include/glib-2.0/glib.h:32,
                 from C:/Users/Syf/Desktop/BS4/orbital-500/orbital-qemu/include/glib-compat.h:19,
                 from C:/Users/Syf/Desktop/BS4/orbital-500/orbital-qemu/include/qemu/osdep.h:107,
                 from qga/main.c:14:
C:/Users/Syf/Desktop/BS4/tools/msys64/msys64/mingw64/include/glib-2.0/glib/gtypes.h:622:8: note: declared here
  622 | struct _GTimeVal
      |        ^~~~~~~~~
qga/main.c:319:9: warning: 'g_get_current_time' is deprecated: Use 'g_get_real_time' instead [-Wdeprecated-declarations]
  319 |         g_get_current_time(&time);
      |         ^~~~~~~~~~~~~~~~~~
In file included from C:/Users/Syf/Desktop/BS4/tools/msys64/msys64/mingw64/include/glib-2.0/glib/giochannel.h:35,
                 from C:/Users/Syf/Desktop/BS4/tools/msys64/msys64/mingw64/include/glib-2.0/glib.h:56:
C:/Users/Syf/Desktop/BS4/tools/msys64/msys64/mingw64/include/glib-2.0/glib/gmain.h:842:8: note: declared here
  842 | void   g_get_current_time                 (GTimeVal       *result);
      |        ^~~~~~~~~~~~~~~~~~
  CC      qga/channel-win32.o
  CC      qga/service-win32.o
  CC      qga/vss-win32.o
  CC      qga/qapi-generated/qga-qapi-types.o
  CC      qga/qapi-generated/qga-qapi-visit.o
  CC      qga/qapi-generated/qga-qapi-commands.o
  CC      qapi/qapi-builtin-types.o
  CC      qapi/qapi-types.o
  CC      qapi/qapi-types-block-core.o
  CC      qapi/qapi-types-block.o
  CC      qapi/qapi-types-char.o
  CC      qapi/qapi-types-common.o
  CC      qapi/qapi-types-crypto.o
  CC      qapi/qapi-types-introspect.o
  CC      qapi/qapi-types-migration.o
  CC      qapi/qapi-types-misc.o
  CC      qapi/qapi-types-net.o
  CC      qapi/qapi-types-rocker.o
  CC      qapi/qapi-types-run-state.o
  CC      qapi/qapi-types-sockets.o
  CC      qapi/qapi-types-tpm.o
  CC      qapi/qapi-types-trace.o
  CC      qapi/qapi-types-transaction.o
  CC      qapi/qapi-types-ui.o
  CC      qapi/qapi-builtin-visit.o
  CC      qapi/qapi-visit.o
  CC      qapi/qapi-visit-block-core.o
  CC      qapi/qapi-visit-block.o
  CC      qapi/qapi-visit-char.o
  CC      qapi/qapi-visit-common.o
  CC      qapi/qapi-visit-crypto.o
  CC      qapi/qapi-visit-introspect.o
  CC      qapi/qapi-visit-migration.o
  CC      qapi/qapi-visit-misc.o
  CC      qapi/qapi-visit-net.o
  CC      qapi/qapi-visit-rocker.o
  CC      qapi/qapi-visit-run-state.o
  CC      qapi/qapi-visit-sockets.o
  CC      qapi/qapi-visit-tpm.o
  CC      qapi/qapi-visit-trace.o
  CC      qapi/qapi-visit-transaction.o
  CC      qapi/qapi-visit-ui.o
  CC      qapi/qapi-events.o
  CC      qapi/qapi-events-block-core.o
  CC      qapi/qapi-events-block.o
  CC      qapi/qapi-events-char.o
  CC      qapi/qapi-events-common.o
  CC      qapi/qapi-events-crypto.o
  CC      qapi/qapi-events-introspect.o
  CC      qapi/qapi-events-migration.o
  CC      qapi/qapi-events-misc.o
  CC      qapi/qapi-events-net.o
  CC      qapi/qapi-events-rocker.o
  CC      qapi/qapi-events-run-state.o
  CC      qapi/qapi-events-sockets.o
  CC      qapi/qapi-events-tpm.o
  CC      qapi/qapi-events-trace.o
  CC      qapi/qapi-events-transaction.o
  CC      qapi/qapi-events-ui.o
  CC      qapi/qapi-introspect.o
  CC      qapi/qapi-visit-core.o
  CC      qapi/qapi-dealloc-visitor.o
  CC      qapi/qobject-input-visitor.o
  CC      qapi/qobject-output-visitor.o
  CC      qapi/qmp-registry.o
  CC      qapi/qmp-dispatch.o
  CC      qapi/string-input-visitor.o
  CC      qapi/string-output-visitor.o
  CC      qapi/opts-visitor.o
  CC      qapi/qapi-clone-visitor.o
  CC      qapi/qmp-event.o
  CC      qapi/qapi-util.o
  CC      qobject/qnull.o
qapi/qapi-clone-visitor.c: In function 'qapi_clone_start_struct':
qapi/qapi-clone-visitor.c:40:5: warning: 'g_memdup' is deprecated: Use 'g_memdup2' instead [-Wdeprecated-declarations]
   40 |     *obj = g_memdup(*obj, size);
      |     ^
In file included from C:/Users/Syf/Desktop/BS4/tools/msys64/msys64/mingw64/include/glib-2.0/glib/gstring.h:37,
                 from C:/Users/Syf/Desktop/BS4/tools/msys64/msys64/mingw64/include/glib-2.0/glib/giochannel.h:36,
                 from C:/Users/Syf/Desktop/BS4/tools/msys64/msys64/mingw64/include/glib-2.0/glib.h:56,
                 from C:/Users/Syf/Desktop/BS4/orbital-500/orbital-qemu/include/glib-compat.h:19,
                 from C:/Users/Syf/Desktop/BS4/orbital-500/orbital-qemu/include/qemu/osdep.h:107,
                 from qapi/qapi-clone-visitor.c:11:
C:/Users/Syf/Desktop/BS4/tools/msys64/msys64/mingw64/include/glib-2.0/glib/gstrfuncs.h:338:23: note: declared here
  338 | gpointer              g_memdup         (gconstpointer mem,
      |                       ^~~~~~~~
qapi/qapi-clone-visitor.c: In function 'qapi_clone_next_list':
qapi/qapi-clone-visitor.c:68:5: warning: 'g_memdup' is deprecated: Use 'g_memdup2' instead [-Wdeprecated-declarations]
   68 |     tail->next = g_memdup(tail->next, size);
      |     ^~~~
C:/Users/Syf/Desktop/BS4/tools/msys64/msys64/mingw64/include/glib-2.0/glib/gstrfuncs.h:338:23: note: declared here
  338 | gpointer              g_memdup         (gconstpointer mem,
      |                       ^~~~~~~~
  CC      qobject/qnum.o
  CC      qobject/qstring.o
  CC      qobject/qdict.o
  CC      qobject/qlist.o
  CC      qobject/qbool.o
  CC      qobject/qlit.o
  CC      qobject/qjson.o
  CC      qobject/qobject.o
  CC      qobject/json-lexer.o
  CC      qobject/json-streamer.o
  CC      qobject/json-parser.o
  CC      trace/control.o
  CC      trace/qmp.o
  CC      util/osdep.o
  CC      util/cutils.o
  CC      util/unicode.o
  CC      util/qemu-timer-common.o
  CC      util/bufferiszero.o
  CC      util/lockcnt.o
  CC      util/aiocb.o
  CC      util/async.o
  CC      util/aio-wait.o
  CC      util/thread-pool.o
  CC      util/qemu-timer.o
  CC      util/main-loop.o
  CC      util/iohandler.o
  CC      util/aio-win32.o
  CC      util/event_notifier-win32.o
  CC      util/oslib-win32.o
  CC      util/qemu-thread-win32.o
  CC      util/envlist.o
  CC      util/path.o
  CC      util/module.o
  CC      util/host-utils.o
  CC      util/bitmap.o
  CC      util/bitops.o
  CC      util/hbitmap.o
  CC      util/fifo8.o
  CC      util/acl.o
  CC      util/cacheinfo.o
  CC      util/error.o
  CC      util/qemu-error.o
  CC      util/id.o
  CC      util/iov.o
  CC      util/qemu-config.o
util/qemu-error.c: In function 'vreport':
util/qemu-error.c:201:5: warning: 'GTimeVal' is deprecated: Use 'GDateTime' instead [-Wdeprecated-declarations]
  201 |     GTimeVal tv;
      |     ^~~~~~~~
In file included from C:/Users/Syf/Desktop/BS4/tools/msys64/msys64/mingw64/include/glib-2.0/glib/galloca.h:34,
                 from C:/Users/Syf/Desktop/BS4/tools/msys64/msys64/mingw64/include/glib-2.0/glib.h:32,
                 from C:/Users/Syf/Desktop/BS4/orbital-500/orbital-qemu/include/glib-compat.h:19,
                 from C:/Users/Syf/Desktop/BS4/orbital-500/orbital-qemu/include/qemu/osdep.h:107,
                 from util/qemu-error.c:13:
C:/Users/Syf/Desktop/BS4/tools/msys64/msys64/mingw64/include/glib-2.0/glib/gtypes.h:622:8: note: declared here
  622 | struct _GTimeVal
      |        ^~~~~~~~~
util/qemu-error.c:205:9: warning: 'g_get_current_time' is deprecated: Use 'g_get_real_time' instead [-Wdeprecated-declarations]
  205 |         g_get_current_time(&tv);
      |         ^~~~~~~~~~~~~~~~~~
In file included from C:/Users/Syf/Desktop/BS4/tools/msys64/msys64/mingw64/include/glib-2.0/glib/giochannel.h:35,
                 from C:/Users/Syf/Desktop/BS4/tools/msys64/msys64/mingw64/include/glib-2.0/glib.h:56:
C:/Users/Syf/Desktop/BS4/tools/msys64/msys64/mingw64/include/glib-2.0/glib/gmain.h:842:8: note: declared here
  842 | void   g_get_current_time                 (GTimeVal       *result);
      |        ^~~~~~~~~~~~~~~~~~
util/qemu-error.c:206:9: warning: 'g_time_val_to_iso8601' is deprecated: Use 'g_date_time_format' instead [-Wdeprecated-declarations]
  206 |         timestr = g_time_val_to_iso8601(&tv);
      |         ^~~~~~~
In file included from C:/Users/Syf/Desktop/BS4/tools/msys64/msys64/mingw64/include/glib-2.0/glib.h:92:
C:/Users/Syf/Desktop/BS4/tools/msys64/msys64/mingw64/include/glib-2.0/glib/gtimer.h:76:10: note: declared here
   76 | gchar*   g_time_val_to_iso8601   (GTimeVal    *time_) G_GNUC_MALLOC;
      |          ^~~~~~~~~~~~~~~~~~~~~
  CC      util/qemu-sockets.o
  CC      util/uri.o
  CC      util/notify.o
  CC      util/qemu-option.o
  CC      util/qemu-progress.o
  CC      util/keyval.o
  CC      util/hexdump.o
  CC      util/crc32c.o
  CC      util/uuid.o
  CC      util/throttle.o
  CC      util/getauxval.o
  CC      util/readline.o
  CC      util/rcu.o
  CC      util/qemu-coroutine.o
  CC      util/qemu-coroutine-lock.o
  CC      util/qemu-coroutine-io.o
  CC      util/qemu-coroutine-sleep.o
  CC      util/coroutine-win32.o
  CC      util/buffer.o
  CC      util/timed-average.o
  CC      util/base64.o
  CC      util/log.o
  CC      util/pagesize.o
  CC      util/qdist.o
  CC      util/qht.o
  CC      util/range.o
  CC      util/stats64.o
  CC      util/systemd.o
  CC      trace-root.o
  CC      util/trace.o
  CC      crypto/trace.o
  CC      io/trace.o
  CC      migration/trace.o
  CC      block/trace.o
  CC      chardev/trace.o
  CC      hw/block/trace.o
  CC      hw/block/dataplane/trace.o
  CC      hw/char/trace.o
  CC      hw/intc/trace.o
  CC      hw/net/trace.o
  CC      hw/rdma/trace.o
  CC      hw/rdma/vmw/trace.o
  CC      hw/virtio/trace.o
  CC      hw/audio/trace.o
  CC      hw/misc/trace.o
  CC      hw/misc/macio/trace.o
  CC      hw/usb/trace.o
  CC      hw/scsi/trace.o
  CC      hw/nvram/trace.o
  CC      hw/display/trace.o
  CC      hw/input/trace.o
  CC      hw/timer/trace.o
  CC      hw/dma/trace.o
  CC      hw/sparc/trace.o
  CC      hw/sparc64/trace.o
  CC      hw/sd/trace.o
  CC      hw/isa/trace.o
  CC      hw/mem/trace.o
  CC      hw/i386/trace.o
  CC      hw/i386/xen/trace.o
  CC      hw/9pfs/trace.o
  CC      hw/ppc/trace.o
  CC      hw/pci/trace.o
  CC      hw/pci-host/trace.o
  CC      hw/s390x/trace.o
  CC      hw/vfio/trace.o
  CC      hw/acpi/trace.o
  CC      hw/arm/trace.o
  CC      hw/alpha/trace.o
  CC      hw/hppa/trace.o
  CC      hw/xen/trace.o
  CC      hw/ide/trace.o
  CC      hw/tpm/trace.o
  CC      ui/trace.o
  CC      audio/trace.o
  CC      net/trace.o
  CC      target/arm/trace.o
  CC      target/i386/trace.o
  CC      target/mips/trace.o
  CC      target/sparc/trace.o
  CC      target/s390x/trace.o
  CC      target/ppc/trace.o
  CC      qom/trace.o
  CC      linux-user/trace.o
  CC      qapi/trace.o
  CC      accel/tcg/trace.o
  CC      accel/kvm/trace.o
  CC      nbd/trace.o
  CC      scsi/trace.o
  CC      crypto/pbkdf-stub.o
  CC      stubs/arch-query-cpu-def.o
  CC      stubs/arch-query-cpu-model-expansion.o
  CC      stubs/arch-query-cpu-model-comparison.o
  CC      stubs/arch-query-cpu-model-baseline.o
  CC      stubs/bdrv-next-monitor-owned.o
  CC      stubs/blk-commit-all.o
  CC      stubs/blockdev-close-all-bdrv-states.o
  CC      stubs/clock-warp.o
  CC      stubs/cpu-get-clock.o
  CC      stubs/cpu-get-icount.o
  CC      stubs/dump.o
  CC      stubs/error-printf.o
  CC      stubs/fdset.o
  CC      stubs/gdbstub.o
  CC      stubs/get-vm-name.o
  CC      stubs/iothread.o
  CC      stubs/iothread-lock.o
  CC      stubs/is-daemonized.o
  CC      stubs/machine-init-done.o
  CC      stubs/migr-blocker.o
  CC      stubs/change-state-handler.o
  CC      stubs/monitor.o
  CC      stubs/notify-event.o
  CC      stubs/qtest.o
  CC      stubs/replay.o
  CC      stubs/runstate-check.o
  CC      stubs/set-fd-handler.o
  CC      stubs/slirp.o
stubs/replay.c:7:9: warning: conflicting types for 'replay_save_clock' due to enum/integer mismatch; have 'int64_t(unsigned int,  int64_t)' {aka 'long long int(unsigned int,  long long int)'} [-Wenum-int-mismatch]
    7 | int64_t replay_save_clock(unsigned int kind, int64_t clock)
      |         ^~~~~~~~~~~~~~~~~
In file included from stubs/replay.c:2:
C:/Users/Syf/Desktop/BS4/orbital-500/orbital-qemu/include/sysemu/replay.h:103:9: note: previous declaration of 'replay_save_clock' with type 'int64_t(ReplayClockKind,  int64_t)' {aka 'long long int(ReplayClockKind,  long long int)'}
  103 | int64_t replay_save_clock(ReplayClockKind kind, int64_t clock);
      |         ^~~~~~~~~~~~~~~~~
stubs/replay.c:13:9: warning: conflicting types for 'replay_read_clock' due to enum/integer mismatch; have 'int64_t(unsigned int)' {aka 'long long int(unsigned int)'} [-Wenum-int-mismatch]
   13 | int64_t replay_read_clock(unsigned int kind)
      |         ^~~~~~~~~~~~~~~~~
C:/Users/Syf/Desktop/BS4/orbital-500/orbital-qemu/include/sysemu/replay.h:105:9: note: previous declaration of 'replay_read_clock' with type 'int64_t(ReplayClockKind)' {aka 'long long int(ReplayClockKind)'}
  105 | int64_t replay_read_clock(ReplayClockKind kind);
      |         ^~~~~~~~~~~~~~~~~
  CC      stubs/sysbus.o
  CC      stubs/tpm.o
  CC      stubs/trace-control.o
  CC      stubs/uuid.o
  CC      stubs/vm-stop.o
  CC      stubs/vmstate.o
  CC      stubs/fd-register.o
  CC      stubs/qmp_pc_dimm.o
  CC      stubs/target-monitor-defs.o
  CC      stubs/target-get-monitor-def.o
  CC      stubs/pc_madt_cpu_entry.o
  CC      stubs/xen-common.o
  CC      stubs/vmgenid.o
  CC      stubs/xen-hvm.o
  CC      stubs/pci-host-piix.o
  CC      stubs/ram-block.o
  CC      qemu-img.o
  CC      block.o
  CC      blockjob.o
qemu-img.c: In function 'img_dd':
qemu-img.c:4321:13: warning: variable 'block_count' set but not used [-Wunused-but-set-variable=]
 4321 |     int64_t block_count = 0, out_pos, in_pos;
      |             ^~~~~~~~~~~
  CC      qemu-io-cmds.o
  CC      replication.o
  CC      block/raw-format.o
  CC      block/qcow.o
  CC      block/vdi.o
  CC      block/vmdk.o
  CC      block/cloop.o
block/qcow.c: In function 'qcow_open':
block/qcow.c:143:18: warning: taking address of packed member of 'struct QCowHeader' may result in an unaligned pointer value [-Waddress-of-packed-member]
  143 |     be32_to_cpus(&header.magic);
      |                  ^~~~~~~~~~~~~
block/qcow.c:144:18: warning: taking address of packed member of 'struct QCowHeader' may result in an unaligned pointer value [-Waddress-of-packed-member]
  144 |     be32_to_cpus(&header.version);
      |                  ^~~~~~~~~~~~~~~
block/qcow.c:145:18: warning: taking address of packed member of 'struct QCowHeader' may result in an unaligned pointer value [-Waddress-of-packed-member]
  145 |     be64_to_cpus(&header.backing_file_offset);
      |                  ^~~~~~~~~~~~~~~~~~~~~~~~~~~
block/qcow.c:146:18: warning: taking address of packed member of 'struct QCowHeader' may result in an unaligned pointer value [-Waddress-of-packed-member]
  146 |     be32_to_cpus(&header.backing_file_size);
      |                  ^~~~~~~~~~~~~~~~~~~~~~~~~
block/qcow.c:147:18: warning: taking address of packed member of 'struct QCowHeader' may result in an unaligned pointer value [-Waddress-of-packed-member]
  147 |     be32_to_cpus(&header.mtime);
      |                  ^~~~~~~~~~~~~
block/qcow.c:148:18: warning: taking address of packed member of 'struct QCowHeader' may result in an unaligned pointer value [-Waddress-of-packed-member]
  148 |     be64_to_cpus(&header.size);
      |                  ^~~~~~~~~~~~
block/qcow.c:149:18: warning: taking address of packed member of 'struct QCowHeader' may result in an unaligned pointer value [-Waddress-of-packed-member]
  149 |     be32_to_cpus(&header.crypt_method);
      |                  ^~~~~~~~~~~~~~~~~~~~
block/qcow.c:150:18: warning: taking address of packed member of 'struct QCowHeader' may result in an unaligned pointer value [-Waddress-of-packed-member]
  150 |     be64_to_cpus(&header.l1_table_offset);
      |                  ^~~~~~~~~~~~~~~~~~~~~~~
block/vdi.c: In function 'vdi_header_to_cpu':
block/vdi.c:192:18: warning: taking address of packed member of 'struct <anonymous>' may result in an unaligned pointer value [-Waddress-of-packed-member]
  192 |     le32_to_cpus(&header->signature);
      |                  ^~~~~~~~~~~~~~~~~~
block/vdi.c:193:18: warning: taking address of packed member of 'struct <anonymous>' may result in an unaligned pointer value [-Waddress-of-packed-member]
  193 |     le32_to_cpus(&header->version);
      |                  ^~~~~~~~~~~~~~~~
block/vdi.c:194:18: warning: taking address of packed member of 'struct <anonymous>' may result in an unaligned pointer value [-Waddress-of-packed-member]
  194 |     le32_to_cpus(&header->header_size);
      |                  ^~~~~~~~~~~~~~~~~~~~
block/vdi.c:195:18: warning: taking address of packed member of 'struct <anonymous>' may result in an unaligned pointer value [-Waddress-of-packed-member]
  195 |     le32_to_cpus(&header->image_type);
      |                  ^~~~~~~~~~~~~~~~~~~
block/vdi.c:196:18: warning: taking address of packed member of 'struct <anonymous>' may result in an unaligned pointer value [-Waddress-of-packed-member]
  196 |     le32_to_cpus(&header->image_flags);
      |                  ^~~~~~~~~~~~~~~~~~~~
block/vdi.c:197:18: warning: taking address of packed member of 'struct <anonymous>' may result in an unaligned pointer value [-Waddress-of-packed-member]
  197 |     le32_to_cpus(&header->offset_bmap);
      |                  ^~~~~~~~~~~~~~~~~~~~
block/vdi.c:198:18: warning: taking address of packed member of 'struct <anonymous>' may result in an unaligned pointer value [-Waddress-of-packed-member]
  198 |     le32_to_cpus(&header->offset_data);
      |                  ^~~~~~~~~~~~~~~~~~~~
block/vdi.c:199:18: warning: taking address of packed member of 'struct <anonymous>' may result in an unaligned pointer value [-Waddress-of-packed-member]
  199 |     le32_to_cpus(&header->cylinders);
      |                  ^~~~~~~~~~~~~~~~~~
block/vdi.c:200:18: warning: taking address of packed member of 'struct <anonymous>' may result in an unaligned pointer value [-Waddress-of-packed-member]
  200 |     le32_to_cpus(&header->heads);
      |                  ^~~~~~~~~~~~~~
block/vdi.c:201:18: warning: taking address of packed member of 'struct <anonymous>' may result in an unaligned pointer value [-Waddress-of-packed-member]
  201 |     le32_to_cpus(&header->sectors);
      |                  ^~~~~~~~~~~~~~~~
block/vdi.c:202:18: warning: taking address of packed member of 'struct <anonymous>' may result in an unaligned pointer value [-Waddress-of-packed-member]
  202 |     le32_to_cpus(&header->sector_size);
      |                  ^~~~~~~~~~~~~~~~~~~~
block/vdi.c:203:18: warning: taking address of packed member of 'struct <anonymous>' may result in an unaligned pointer value [-Waddress-of-packed-member]
  203 |     le64_to_cpus(&header->disk_size);
      |                  ^~~~~~~~~~~~~~~~~~
block/vdi.c:204:18: warning: taking address of packed member of 'struct <anonymous>' may result in an unaligned pointer value [-Waddress-of-packed-member]
  204 |     le32_to_cpus(&header->block_size);
      |                  ^~~~~~~~~~~~~~~~~~~
block/vdi.c:205:18: warning: taking address of packed member of 'struct <anonymous>' may result in an unaligned pointer value [-Waddress-of-packed-member]
  205 |     le32_to_cpus(&header->block_extra);
      |                  ^~~~~~~~~~~~~~~~~~~~
block/vdi.c:206:18: warning: taking address of packed member of 'struct <anonymous>' may result in an unaligned pointer value [-Waddress-of-packed-member]
  206 |     le32_to_cpus(&header->blocks_in_image);
      |                  ^~~~~~~~~~~~~~~~~~~~~~~~
block/vdi.c:207:18: warning: taking address of packed member of 'struct <anonymous>' may result in an unaligned pointer value [-Waddress-of-packed-member]
  207 |     le32_to_cpus(&header->blocks_allocated);
      |                  ^~~~~~~~~~~~~~~~~~~~~~~~~
block/vdi.c:208:21: warning: taking address of packed member of 'struct <anonymous>' may result in an unaligned pointer value [-Waddress-of-packed-member]
  208 |     qemu_uuid_bswap(&header->uuid_image);
      |                     ^~~~~~~~~~~~~~~~~~~
block/vdi.c:209:21: warning: taking address of packed member of 'struct <anonymous>' may result in an unaligned pointer value [-Waddress-of-packed-member]
  209 |     qemu_uuid_bswap(&header->uuid_last_snap);
      |                     ^~~~~~~~~~~~~~~~~~~~~~~
block/vdi.c:210:21: warning: taking address of packed member of 'struct <anonymous>' may result in an unaligned pointer value [-Waddress-of-packed-member]
  210 |     qemu_uuid_bswap(&header->uuid_link);
      |                     ^~~~~~~~~~~~~~~~~~
block/vdi.c:211:21: warning: taking address of packed member of 'struct <anonymous>' may result in an unaligned pointer value [-Waddress-of-packed-member]
  211 |     qemu_uuid_bswap(&header->uuid_parent);
      |                     ^~~~~~~~~~~~~~~~~~~~
block/vdi.c: In function 'vdi_header_to_le':
block/vdi.c:216:18: warning: taking address of packed member of 'struct <anonymous>' may result in an unaligned pointer value [-Waddress-of-packed-member]
  216 |     cpu_to_le32s(&header->signature);
      |                  ^~~~~~~~~~~~~~~~~~
block/vdi.c:217:18: warning: taking address of packed member of 'struct <anonymous>' may result in an unaligned pointer value [-Waddress-of-packed-member]
  217 |     cpu_to_le32s(&header->version);
      |                  ^~~~~~~~~~~~~~~~
block/vdi.c:218:18: warning: taking address of packed member of 'struct <anonymous>' may result in an unaligned pointer value [-Waddress-of-packed-member]
  218 |     cpu_to_le32s(&header->header_size);
      |                  ^~~~~~~~~~~~~~~~~~~~
block/vdi.c:219:18: warning: taking address of packed member of 'struct <anonymous>' may result in an unaligned pointer value [-Waddress-of-packed-member]
  219 |     cpu_to_le32s(&header->image_type);
      |                  ^~~~~~~~~~~~~~~~~~~
block/vdi.c:220:18: warning: taking address of packed member of 'struct <anonymous>' may result in an unaligned pointer value [-Waddress-of-packed-member]
  220 |     cpu_to_le32s(&header->image_flags);
      |                  ^~~~~~~~~~~~~~~~~~~~
block/vdi.c:221:18: warning: taking address of packed member of 'struct <anonymous>' may result in an unaligned pointer value [-Waddress-of-packed-member]
  221 |     cpu_to_le32s(&header->offset_bmap);
      |                  ^~~~~~~~~~~~~~~~~~~~
block/vdi.c:222:18: warning: taking address of packed member of 'struct <anonymous>' may result in an unaligned pointer value [-Waddress-of-packed-member]
  222 |     cpu_to_le32s(&header->offset_data);
      |                  ^~~~~~~~~~~~~~~~~~~~
block/vdi.c:223:18: warning: taking address of packed member of 'struct <anonymous>' may result in an unaligned pointer value [-Waddress-of-packed-member]
  223 |     cpu_to_le32s(&header->cylinders);
      |                  ^~~~~~~~~~~~~~~~~~
block/vdi.c:224:18: warning: taking address of packed member of 'struct <anonymous>' may result in an unaligned pointer value [-Waddress-of-packed-member]
  224 |     cpu_to_le32s(&header->heads);
      |                  ^~~~~~~~~~~~~~
block/vdi.c:225:18: warning: taking address of packed member of 'struct <anonymous>' may result in an unaligned pointer value [-Waddress-of-packed-member]
  225 |     cpu_to_le32s(&header->sectors);
      |                  ^~~~~~~~~~~~~~~~
block/vdi.c:226:18: warning: taking address of packed member of 'struct <anonymous>' may result in an unaligned pointer value [-Waddress-of-packed-member]
  226 |     cpu_to_le32s(&header->sector_size);
      |                  ^~~~~~~~~~~~~~~~~~~~
block/vdi.c:227:18: warning: taking address of packed member of 'struct <anonymous>' may result in an unaligned pointer value [-Waddress-of-packed-member]
  227 |     cpu_to_le64s(&header->disk_size);
      |                  ^~~~~~~~~~~~~~~~~~
block/vdi.c:228:18: warning: taking address of packed member of 'struct <anonymous>' may result in an unaligned pointer value [-Waddress-of-packed-member]
  228 |     cpu_to_le32s(&header->block_size);
      |                  ^~~~~~~~~~~~~~~~~~~
block/vdi.c:229:18: warning: taking address of packed member of 'struct <anonymous>' may result in an unaligned pointer value [-Waddress-of-packed-member]
  229 |     cpu_to_le32s(&header->block_extra);
      |                  ^~~~~~~~~~~~~~~~~~~~
block/vdi.c:230:18: warning: taking address of packed member of 'struct <anonymous>' may result in an unaligned pointer value [-Waddress-of-packed-member]
  230 |     cpu_to_le32s(&header->blocks_in_image);
      |                  ^~~~~~~~~~~~~~~~~~~~~~~~
block/vdi.c:231:18: warning: taking address of packed member of 'struct <anonymous>' may result in an unaligned pointer value [-Waddress-of-packed-member]
  231 |     cpu_to_le32s(&header->blocks_allocated);
      |                  ^~~~~~~~~~~~~~~~~~~~~~~~~
block/vdi.c:232:21: warning: taking address of packed member of 'struct <anonymous>' may result in an unaligned pointer value [-Waddress-of-packed-member]
  232 |     qemu_uuid_bswap(&header->uuid_image);
      |                     ^~~~~~~~~~~~~~~~~~~
block/vdi.c:233:21: warning: taking address of packed member of 'struct <anonymous>' may result in an unaligned pointer value [-Waddress-of-packed-member]
  233 |     qemu_uuid_bswap(&header->uuid_last_snap);
      |                     ^~~~~~~~~~~~~~~~~~~~~~~
block/vdi.c:234:21: warning: taking address of packed member of 'struct <anonymous>' may result in an unaligned pointer value [-Waddress-of-packed-member]
  234 |     qemu_uuid_bswap(&header->uuid_link);
      |                     ^~~~~~~~~~~~~~~~~~
block/vdi.c:235:21: warning: taking address of packed member of 'struct <anonymous>' may result in an unaligned pointer value [-Waddress-of-packed-member]
  235 |     qemu_uuid_bswap(&header->uuid_parent);
      |                     ^~~~~~~~~~~~~~~~~~~~
block/vdi.c: In function 'vdi_header_print':
block/vdi.c:259:23: warning: taking address of packed member of 'struct <anonymous>' may result in an unaligned pointer value [-Waddress-of-packed-member]
  259 |     qemu_uuid_unparse(&header->uuid_image, uuid);
      |                       ^~~~~~~~~~~~~~~~~~~
block/vdi.c:261:23: warning: taking address of packed member of 'struct <anonymous>' may result in an unaligned pointer value [-Waddress-of-packed-member]
  261 |     qemu_uuid_unparse(&header->uuid_last_snap, uuid);
      |                       ^~~~~~~~~~~~~~~~~~~~~~~
block/vdi.c:263:23: warning: taking address of packed member of 'struct <anonymous>' may result in an unaligned pointer value [-Waddress-of-packed-member]
  263 |     qemu_uuid_unparse(&header->uuid_link, uuid);
      |                       ^~~~~~~~~~~~~~~~~~
block/vdi.c:265:23: warning: taking address of packed member of 'struct <anonymous>' may result in an unaligned pointer value [-Waddress-of-packed-member]
  265 |     qemu_uuid_unparse(&header->uuid_parent, uuid);
      |                       ^~~~~~~~~~~~~~~~~~~~
block/vdi.c: In function 'vdi_open':
block/vdi.c:448:35: warning: taking address of packed member of 'struct <anonymous>' may result in an unaligned pointer value [-Waddress-of-packed-member]
  448 |     } else if (!qemu_uuid_is_null(&header.uuid_link)) {
      |                                   ^~~~~~~~~~~~~~~~~
block/vdi.c:452:35: warning: taking address of packed member of 'struct <anonymous>' may result in an unaligned pointer value [-Waddress-of-packed-member]
  452 |     } else if (!qemu_uuid_is_null(&header.uuid_parent)) {
      |                                   ^~~~~~~~~~~~~~~~~~~
block/vdi.c: In function 'vdi_co_do_create':
block/vdi.c:823:24: warning: taking address of packed member of 'struct <anonymous>' may result in an unaligned pointer value [-Waddress-of-packed-member]
  823 |     qemu_uuid_generate(&header.uuid_image);
      |                        ^~~~~~~~~~~~~~~~~~
block/vdi.c:824:24: warning: taking address of packed member of 'struct <anonymous>' may result in an unaligned pointer value [-Waddress-of-packed-member]
  824 |     qemu_uuid_generate(&header.uuid_last_snap);
      |                        ^~~~~~~~~~~~~~~~~~~~~~
  CC      block/bochs.o
  CC      block/vpc.o
  CC      block/vvfat.o
  CC      block/dmg.o
block/vpc.c: In function 'vpc_co_create':
block/vpc.c:1060:24: warning: taking address of packed member of 'struct vhd_footer' may result in an unaligned pointer value [-Waddress-of-packed-member]
 1060 |     qemu_uuid_generate(&footer->uuid);
      |                        ^~~~~~~~~~~~~
  CC      block/qcow2.o
  CC      block/qcow2-refcount.o
  CC      block/qcow2-cluster.o
  CC      block/qcow2-snapshot.o
block/qcow2.c: In function 'qcow2_read_extensions':
block/qcow2.c:208:22: warning: taking address of packed member of 'struct <anonymous>' may result in an unaligned pointer value [-Waddress-of-packed-member]
  208 |         be32_to_cpus(&ext.magic);
      |                      ^~~~~~~~~~
block/qcow2.c:209:22: warning: taking address of packed member of 'struct <anonymous>' may result in an unaligned pointer value [-Waddress-of-packed-member]
  209 |         be32_to_cpus(&ext.len);
      |                      ^~~~~~~~
block/qcow2.c:277:26: warning: taking address of packed member of 'struct Qcow2CryptoHeaderExtension' may result in an unaligned pointer value [-Waddress-of-packed-member]
  277 |             be64_to_cpus(&s->crypto_header.offset);
      |                          ^~~~~~~~~~~~~~~~~~~~~~~~
block/qcow2.c:278:26: warning: taking address of packed member of 'struct Qcow2CryptoHeaderExtension' may result in an unaligned pointer value [-Waddress-of-packed-member]
  278 |             be64_to_cpus(&s->crypto_header.length);
      |                          ^~~~~~~~~~~~~~~~~~~~~~~~
block/qcow2.c:340:26: warning: taking address of packed member of 'struct Qcow2BitmapHeaderExt' may result in an unaligned pointer value [-Waddress-of-packed-member]
  340 |             be32_to_cpus(&bitmaps_ext.nb_bitmaps);
      |                          ^~~~~~~~~~~~~~~~~~~~~~~
block/qcow2.c:341:26: warning: taking address of packed member of 'struct Qcow2BitmapHeaderExt' may result in an unaligned pointer value [-Waddress-of-packed-member]
  341 |             be64_to_cpus(&bitmaps_ext.bitmap_directory_size);
      |                          ^~~~~~~~~~~~~~~~~~~~~~~~~~~~~~~~~~
block/qcow2.c:342:26: warning: taking address of packed member of 'struct Qcow2BitmapHeaderExt' may result in an unaligned pointer value [-Waddress-of-packed-member]
  342 |             be64_to_cpus(&bitmaps_ext.bitmap_directory_offset);
      |                          ^~~~~~~~~~~~~~~~~~~~~~~~~~~~~~~~~~~~
block/qcow2.c: In function 'qcow2_do_open':
block/qcow2.c:1151:18: warning: taking address of packed member of 'struct QCowHeader' may result in an unaligned pointer value [-Waddress-of-packed-member]
 1151 |     be32_to_cpus(&header.magic);
      |                  ^~~~~~~~~~~~~
block/qcow2.c:1152:18: warning: taking address of packed member of 'struct QCowHeader' may result in an unaligned pointer value [-Waddress-of-packed-member]
 1152 |     be32_to_cpus(&header.version);
      |                  ^~~~~~~~~~~~~~~
block/qcow2.c:1153:18: warning: taking address of packed member of 'struct QCowHeader' may result in an unaligned pointer value [-Waddress-of-packed-member]
 1153 |     be64_to_cpus(&header.backing_file_offset);
      |                  ^~~~~~~~~~~~~~~~~~~~~~~~~~~
block/qcow2.c:1154:18: warning: taking address of packed member of 'struct QCowHeader' may result in an unaligned pointer value [-Waddress-of-packed-member]
 1154 |     be32_to_cpus(&header.backing_file_size);
      |                  ^~~~~~~~~~~~~~~~~~~~~~~~~
block/qcow2.c:1155:18: warning: taking address of packed member of 'struct QCowHeader' may result in an unaligned pointer value [-Waddress-of-packed-member]
 1155 |     be64_to_cpus(&header.size);
      |                  ^~~~~~~~~~~~
block/qcow2.c:1156:18: warning: taking address of packed member of 'struct QCowHeader' may result in an unaligned pointer value [-Waddress-of-packed-member]
 1156 |     be32_to_cpus(&header.cluster_bits);
      |                  ^~~~~~~~~~~~~~~~~~~~
block/qcow2.c:1157:18: warning: taking address of packed member of 'struct QCowHeader' may result in an unaligned pointer value [-Waddress-of-packed-member]
 1157 |     be32_to_cpus(&header.crypt_method);
      |                  ^~~~~~~~~~~~~~~~~~~~
block/qcow2.c:1158:18: warning: taking address of packed member of 'struct QCowHeader' may result in an unaligned pointer value [-Waddress-of-packed-member]
 1158 |     be64_to_cpus(&header.l1_table_offset);
      |                  ^~~~~~~~~~~~~~~~~~~~~~~
block/qcow2.c:1159:18: warning: taking address of packed member of 'struct QCowHeader' may result in an unaligned pointer value [-Waddress-of-packed-member]
 1159 |     be32_to_cpus(&header.l1_size);
      |                  ^~~~~~~~~~~~~~~
block/qcow2.c:1160:18: warning: taking address of packed member of 'struct QCowHeader' may result in an unaligned pointer value [-Waddress-of-packed-member]
 1160 |     be64_to_cpus(&header.refcount_table_offset);
      |                  ^~~~~~~~~~~~~~~~~~~~~~~~~~~~~
block/qcow2.c:1161:18: warning: taking address of packed member of 'struct QCowHeader' may result in an unaligned pointer value [-Waddress-of-packed-member]
 1161 |     be32_to_cpus(&header.refcount_table_clusters);
      |                  ^~~~~~~~~~~~~~~~~~~~~~~~~~~~~~~
block/qcow2.c:1162:18: warning: taking address of packed member of 'struct QCowHeader' may result in an unaligned pointer value [-Waddress-of-packed-member]
 1162 |     be64_to_cpus(&header.snapshots_offset);
      |                  ^~~~~~~~~~~~~~~~~~~~~~~~
block/qcow2.c:1163:18: warning: taking address of packed member of 'struct QCowHeader' may result in an unaligned pointer value [-Waddress-of-packed-member]
 1163 |     be32_to_cpus(&header.nb_snapshots);
      |                  ^~~~~~~~~~~~~~~~~~~~
block/qcow2.c:1199:22: warning: taking address of packed member of 'struct QCowHeader' may result in an unaligned pointer value [-Waddress-of-packed-member]
 1199 |         be64_to_cpus(&header.incompatible_features);
      |                      ^~~~~~~~~~~~~~~~~~~~~~~~~~~~~
block/qcow2.c:1200:22: warning: taking address of packed member of 'struct QCowHeader' may result in an unaligned pointer value [-Waddress-of-packed-member]
 1200 |         be64_to_cpus(&header.compatible_features);
      |                      ^~~~~~~~~~~~~~~~~~~~~~~~~~~
block/qcow2.c:1201:22: warning: taking address of packed member of 'struct QCowHeader' may result in an unaligned pointer value [-Waddress-of-packed-member]
 1201 |         be64_to_cpus(&header.autoclear_features);
      |                      ^~~~~~~~~~~~~~~~~~~~~~~~~~
block/qcow2.c:1202:22: warning: taking address of packed member of 'struct QCowHeader' may result in an unaligned pointer value [-Waddress-of-packed-member]
 1202 |         be32_to_cpus(&header.refcount_order);
      |                      ^~~~~~~~~~~~~~~~~~~~~~
block/qcow2.c:1203:22: warning: taking address of packed member of 'struct QCowHeader' may result in an unaligned pointer value [-Waddress-of-packed-member]
 1203 |         be32_to_cpus(&header.header_length);
      |                      ^~~~~~~~~~~~~~~~~~~~~
block/qcow2.c: In function 'qcow2_update_header':
block/qcow2.c:2326:22: warning: taking address of packed member of 'struct Qcow2CryptoHeaderExtension' may result in an unaligned pointer value [-Waddress-of-packed-member]
 2326 |         cpu_to_be64s(&s->crypto_header.offset);
      |                      ^~~~~~~~~~~~~~~~~~~~~~~~
block/qcow2.c:2327:22: warning: taking address of packed member of 'struct Qcow2CryptoHeaderExtension' may result in an unaligned pointer value [-Waddress-of-packed-member]
 2327 |         cpu_to_be64s(&s->crypto_header.length);
      |                      ^~~~~~~~~~~~~~~~~~~~~~~~
block/qcow2.c:2331:22: warning: taking address of packed member of 'struct Qcow2CryptoHeaderExtension' may result in an unaligned pointer value [-Waddress-of-packed-member]
 2331 |         be64_to_cpus(&s->crypto_header.offset);
      |                      ^~~~~~~~~~~~~~~~~~~~~~~~
block/qcow2.c:2332:22: warning: taking address of packed member of 'struct Qcow2CryptoHeaderExtension' may result in an unaligned pointer value [-Waddress-of-packed-member]
 2332 |         be64_to_cpus(&s->crypto_header.length);
      |                      ^~~~~~~~~~~~~~~~~~~~~~~~
  CC      block/qcow2-cache.o
  CC      block/qcow2-bitmap.o
  CC      block/qed.o
  CC      block/qed-l2-cache.o
block/qcow2-bitmap.c: In function 'bitmap_dir_entry_to_cpu':
block/qcow2-bitmap.c:398:18: warning: taking address of packed member of 'struct Qcow2BitmapDirEntry' may result in an unaligned pointer value [-Waddress-of-packed-member]
  398 |     be64_to_cpus(&entry->bitmap_table_offset);
      |                  ^~~~~~~~~~~~~~~~~~~~~~~~~~~
block/qcow2-bitmap.c:399:18: warning: taking address of packed member of 'struct Qcow2BitmapDirEntry' may result in an unaligned pointer value [-Waddress-of-packed-member]
  399 |     be32_to_cpus(&entry->bitmap_table_size);
      |                  ^~~~~~~~~~~~~~~~~~~~~~~~~
block/qcow2-bitmap.c:400:18: warning: taking address of packed member of 'struct Qcow2BitmapDirEntry' may result in an unaligned pointer value [-Waddress-of-packed-member]
  400 |     be32_to_cpus(&entry->flags);
      |                  ^~~~~~~~~~~~~
block/qcow2-bitmap.c:401:18: warning: taking address of packed member of 'struct Qcow2BitmapDirEntry' may result in an unaligned pointer value [-Waddress-of-packed-member]
  401 |     be16_to_cpus(&entry->name_size);
      |                  ^~~~~~~~~~~~~~~~~
block/qcow2-bitmap.c:402:18: warning: taking address of packed member of 'struct Qcow2BitmapDirEntry' may result in an unaligned pointer value [-Waddress-of-packed-member]
  402 |     be32_to_cpus(&entry->extra_data_size);
      |                  ^~~~~~~~~~~~~~~~~~~~~~~
block/qcow2-bitmap.c: In function 'bitmap_dir_entry_to_be':
block/qcow2-bitmap.c:407:18: warning: taking address of packed member of 'struct Qcow2BitmapDirEntry' may result in an unaligned pointer value [-Waddress-of-packed-member]
  407 |     cpu_to_be64s(&entry->bitmap_table_offset);
      |                  ^~~~~~~~~~~~~~~~~~~~~~~~~~~
block/qcow2-bitmap.c:408:18: warning: taking address of packed member of 'struct Qcow2BitmapDirEntry' may result in an unaligned pointer value [-Waddress-of-packed-member]
  408 |     cpu_to_be32s(&entry->bitmap_table_size);
      |                  ^~~~~~~~~~~~~~~~~~~~~~~~~
block/qcow2-bitmap.c:409:18: warning: taking address of packed member of 'struct Qcow2BitmapDirEntry' may result in an unaligned pointer value [-Waddress-of-packed-member]
  409 |     cpu_to_be32s(&entry->flags);
      |                  ^~~~~~~~~~~~~
block/qcow2-bitmap.c:410:18: warning: taking address of packed member of 'struct Qcow2BitmapDirEntry' may result in an unaligned pointer value [-Waddress-of-packed-member]
  410 |     cpu_to_be16s(&entry->name_size);
      |                  ^~~~~~~~~~~~~~~~~
block/qcow2-bitmap.c:411:18: warning: taking address of packed member of 'struct Qcow2BitmapDirEntry' may result in an unaligned pointer value [-Waddress-of-packed-member]
  411 |     cpu_to_be32s(&entry->extra_data_size);
      |                  ^~~~~~~~~~~~~~~~~~~~~~~
block/qcow2-bitmap.c: In function 'qcow2_store_persistent_dirty_bitmaps':
block/qcow2-bitmap.c:1382:13: warning: 'g_memdup' is deprecated: Use 'g_memdup2' instead [-Wdeprecated-declarations]
 1382 |             tb = g_memdup(&bm->table, sizeof(bm->table));
      |             ^~
In file included from C:/Users/Syf/Desktop/BS4/tools/msys64/msys64/mingw64/include/glib-2.0/glib/gstring.h:37,
                 from C:/Users/Syf/Desktop/BS4/tools/msys64/msys64/mingw64/include/glib-2.0/glib/giochannel.h:36,
                 from C:/Users/Syf/Desktop/BS4/tools/msys64/msys64/mingw64/include/glib-2.0/glib.h:56,
                 from C:/Users/Syf/Desktop/BS4/orbital-500/orbital-qemu/include/glib-compat.h:19,
                 from C:/Users/Syf/Desktop/BS4/orbital-500/orbital-qemu/include/qemu/osdep.h:107,
                 from block/qcow2-bitmap.c:28:
C:/Users/Syf/Desktop/BS4/tools/msys64/msys64/mingw64/include/glib-2.0/glib/gstrfuncs.h:338:23: note: declared here
  338 | gpointer              g_memdup         (gconstpointer mem,
      |                       ^~~~~~~~
  CC      block/qed-table.o
  CC      block/qed-cluster.o
  CC      block/qed-check.o
  CC      block/vhdx.o
  CC      block/vhdx-endian.o
  CC      block/vhdx-log.o
  CC      block/quorum.o
In file included from block/vhdx.c:26:
./block/vhdx.h: In function 'leguid_to_cpus':
./block/vhdx.h:423:18: warning: taking address of packed member of 'struct MSGUID' may result in an unaligned pointer value [-Waddress-of-packed-member]
  423 |     le32_to_cpus(&guid->data1);
      |                  ^~~~~~~~~~~~
./block/vhdx.h:424:18: warning: taking address of packed member of 'struct MSGUID' may result in an unaligned pointer value [-Waddress-of-packed-member]
  424 |     le16_to_cpus(&guid->data2);
      |                  ^~~~~~~~~~~~
./block/vhdx.h:425:18: warning: taking address of packed member of 'struct MSGUID' may result in an unaligned pointer value [-Waddress-of-packed-member]
  425 |     le16_to_cpus(&guid->data3);
      |                  ^~~~~~~~~~~~
./block/vhdx.h: In function 'cpu_to_leguids':
./block/vhdx.h:430:18: warning: taking address of packed member of 'struct MSGUID' may result in an unaligned pointer value [-Waddress-of-packed-member]
  430 |     cpu_to_le32s(&guid->data1);
      |                  ^~~~~~~~~~~~
./block/vhdx.h:431:18: warning: taking address of packed member of 'struct MSGUID' may result in an unaligned pointer value [-Waddress-of-packed-member]
  431 |     cpu_to_le16s(&guid->data2);
      |                  ^~~~~~~~~~~~
./block/vhdx.h:432:18: warning: taking address of packed member of 'struct MSGUID' may result in an unaligned pointer value [-Waddress-of-packed-member]
  432 |     cpu_to_le16s(&guid->data3);
      |                  ^~~~~~~~~~~~
block/vhdx.c: In function 'vhdx_parse_metadata':
block/vhdx.c:755:18: warning: taking address of packed member of 'struct VHDXFileParameters' may result in an unaligned pointer value [-Waddress-of-packed-member]
  755 |     le32_to_cpus(&s->params.block_size);
      |                  ^~~~~~~~~~~~~~~~~~~~~
block/vhdx.c:756:18: warning: taking address of packed member of 'struct VHDXFileParameters' may result in an unaligned pointer value [-Waddress-of-packed-member]
  756 |     le32_to_cpus(&s->params.data_bits);
      |                  ^~~~~~~~~~~~~~~~~~~~
block/vhdx.c: In function 'vhdx_create_new_metadata':
block/vhdx.c:1509:22: warning: taking address of packed member of 'struct VHDXFileParameters' may result in an unaligned pointer value [-Waddress-of-packed-member]
 1509 |         cpu_to_le32s(&mt_file_params->data_bits);
      |                      ^~~~~~~~~~~~~~~~~~~~~~~~~~
  CC      block/parallels.o
In file included from block/vhdx-endian.c:22:
./block/vhdx.h: In function 'leguid_to_cpus':
./block/vhdx.h:423:18: warning: taking address of packed member of 'struct MSGUID' may result in an unaligned pointer value [-Waddress-of-packed-member]
  423 |     le32_to_cpus(&guid->data1);
      |                  ^~~~~~~~~~~~
./block/vhdx.h:424:18: warning: taking address of packed member of 'struct MSGUID' may result in an unaligned pointer value [-Waddress-of-packed-member]
  424 |     le16_to_cpus(&guid->data2);
      |                  ^~~~~~~~~~~~
./block/vhdx.h:425:18: warning: taking address of packed member of 'struct MSGUID' may result in an unaligned pointer value [-Waddress-of-packed-member]
  425 |     le16_to_cpus(&guid->data3);
      |                  ^~~~~~~~~~~~
./block/vhdx.h: In function 'cpu_to_leguids':
./block/vhdx.h:430:18: warning: taking address of packed member of 'struct MSGUID' may result in an unaligned pointer value [-Waddress-of-packed-member]
  430 |     cpu_to_le32s(&guid->data1);
      |                  ^~~~~~~~~~~~
./block/vhdx.h:431:18: warning: taking address of packed member of 'struct MSGUID' may result in an unaligned pointer value [-Waddress-of-packed-member]
  431 |     cpu_to_le16s(&guid->data2);
      |                  ^~~~~~~~~~~~
./block/vhdx.h:432:18: warning: taking address of packed member of 'struct MSGUID' may result in an unaligned pointer value [-Waddress-of-packed-member]
  432 |     cpu_to_le16s(&guid->data3);
      |                  ^~~~~~~~~~~~
block/vhdx-endian.c: In function 'vhdx_header_le_import':
block/vhdx-endian.c:38:18: warning: taking address of packed member of 'struct VHDXHeader' may result in an unaligned pointer value [-Waddress-of-packed-member]
   38 |     le32_to_cpus(&h->signature);
      |                  ^~~~~~~~~~~~~
block/vhdx-endian.c:39:18: warning: taking address of packed member of 'struct VHDXHeader' may result in an unaligned pointer value [-Waddress-of-packed-member]
   39 |     le32_to_cpus(&h->checksum);
      |                  ^~~~~~~~~~~~
block/vhdx-endian.c:40:18: warning: taking address of packed member of 'struct VHDXHeader' may result in an unaligned pointer value [-Waddress-of-packed-member]
   40 |     le64_to_cpus(&h->sequence_number);
      |                  ^~~~~~~~~~~~~~~~~~~
block/vhdx-endian.c:46:18: warning: taking address of packed member of 'struct VHDXHeader' may result in an unaligned pointer value [-Waddress-of-packed-member]
   46 |     le16_to_cpus(&h->log_version);
      |                  ^~~~~~~~~~~~~~~
block/vhdx-endian.c:47:18: warning: taking address of packed member of 'struct VHDXHeader' may result in an unaligned pointer value [-Waddress-of-packed-member]
   47 |     le16_to_cpus(&h->version);
      |                  ^~~~~~~~~~~
block/vhdx-endian.c:48:18: warning: taking address of packed member of 'struct VHDXHeader' may result in an unaligned pointer value [-Waddress-of-packed-member]
   48 |     le32_to_cpus(&h->log_length);
      |                  ^~~~~~~~~~~~~~
block/vhdx-endian.c:49:18: warning: taking address of packed member of 'struct VHDXHeader' may result in an unaligned pointer value [-Waddress-of-packed-member]
   49 |     le64_to_cpus(&h->log_offset);
      |                  ^~~~~~~~~~~~~~
block/vhdx-endian.c: In function 'vhdx_log_desc_le_import':
block/vhdx-endian.c:83:18: warning: taking address of packed member of 'struct VHDXLogDescriptor' may result in an unaligned pointer value [-Waddress-of-packed-member]
   83 |     le32_to_cpus(&d->signature);
      |                  ^~~~~~~~~~~~~
block/vhdx-endian.c:84:18: warning: taking address of packed member of 'struct VHDXLogDescriptor' may result in an unaligned pointer value [-Waddress-of-packed-member]
   84 |     le64_to_cpus(&d->file_offset);
      |                  ^~~~~~~~~~~~~~~
block/vhdx-endian.c:85:18: warning: taking address of packed member of 'struct VHDXLogDescriptor' may result in an unaligned pointer value [-Waddress-of-packed-member]
   85 |     le64_to_cpus(&d->sequence_number);
      |                  ^~~~~~~~~~~~~~~~~~~
block/vhdx-endian.c: In function 'vhdx_log_desc_le_export':
block/vhdx-endian.c:92:18: warning: taking address of packed member of 'struct VHDXLogDescriptor' may result in an unaligned pointer value [-Waddress-of-packed-member]
   92 |     cpu_to_le32s(&d->signature);
      |                  ^~~~~~~~~~~~~
block/vhdx-endian.c:93:18: warning: taking address of packed member of 'struct VHDXLogDescriptor' may result in an unaligned pointer value [-Waddress-of-packed-member]
   93 |     cpu_to_le32s(&d->trailing_bytes);
      |                  ^~~~~~~~~~~~~~~~~~
block/vhdx-endian.c:94:18: warning: taking address of packed member of 'struct VHDXLogDescriptor' may result in an unaligned pointer value [-Waddress-of-packed-member]
   94 |     cpu_to_le64s(&d->leading_bytes);
      |                  ^~~~~~~~~~~~~~~~~
block/vhdx-endian.c:95:18: warning: taking address of packed member of 'struct VHDXLogDescriptor' may result in an unaligned pointer value [-Waddress-of-packed-member]
   95 |     cpu_to_le64s(&d->file_offset);
      |                  ^~~~~~~~~~~~~~~
block/vhdx-endian.c:96:18: warning: taking address of packed member of 'struct VHDXLogDescriptor' may result in an unaligned pointer value [-Waddress-of-packed-member]
   96 |     cpu_to_le64s(&d->sequence_number);
      |                  ^~~~~~~~~~~~~~~~~~~
block/vhdx-endian.c: In function 'vhdx_log_data_le_import':
block/vhdx-endian.c:103:18: warning: taking address of packed member of 'struct VHDXLogDataSector' may result in an unaligned pointer value [-Waddress-of-packed-member]
  103 |     le32_to_cpus(&d->data_signature);
      |                  ^~~~~~~~~~~~~~~~~~
block/vhdx-endian.c:104:18: warning: taking address of packed member of 'struct VHDXLogDataSector' may result in an unaligned pointer value [-Waddress-of-packed-member]
  104 |     le32_to_cpus(&d->sequence_high);
      |                  ^~~~~~~~~~~~~~~~~
block/vhdx-endian.c:105:18: warning: taking address of packed member of 'struct VHDXLogDataSector' may result in an unaligned pointer value [-Waddress-of-packed-member]
  105 |     le32_to_cpus(&d->sequence_low);
      |                  ^~~~~~~~~~~~~~~~
block/vhdx-endian.c: In function 'vhdx_log_data_le_export':
block/vhdx-endian.c:112:18: warning: taking address of packed member of 'struct VHDXLogDataSector' may result in an unaligned pointer value [-Waddress-of-packed-member]
  112 |     cpu_to_le32s(&d->data_signature);
      |                  ^~~~~~~~~~~~~~~~~~
block/vhdx-endian.c:113:18: warning: taking address of packed member of 'struct VHDXLogDataSector' may result in an unaligned pointer value [-Waddress-of-packed-member]
  113 |     cpu_to_le32s(&d->sequence_high);
      |                  ^~~~~~~~~~~~~~~~~
block/vhdx-endian.c:114:18: warning: taking address of packed member of 'struct VHDXLogDataSector' may result in an unaligned pointer value [-Waddress-of-packed-member]
  114 |     cpu_to_le32s(&d->sequence_low);
      |                  ^~~~~~~~~~~~~~~~
block/vhdx-endian.c: In function 'vhdx_log_entry_hdr_le_import':
block/vhdx-endian.c:121:18: warning: taking address of packed member of 'struct VHDXLogEntryHeader' may result in an unaligned pointer value [-Waddress-of-packed-member]
  121 |     le32_to_cpus(&hdr->signature);
      |                  ^~~~~~~~~~~~~~~
block/vhdx-endian.c:122:18: warning: taking address of packed member of 'struct VHDXLogEntryHeader' may result in an unaligned pointer value [-Waddress-of-packed-member]
  122 |     le32_to_cpus(&hdr->checksum);
      |                  ^~~~~~~~~~~~~~
block/vhdx-endian.c:123:18: warning: taking address of packed member of 'struct VHDXLogEntryHeader' may result in an unaligned pointer value [-Waddress-of-packed-member]
  123 |     le32_to_cpus(&hdr->entry_length);
      |                  ^~~~~~~~~~~~~~~~~~
block/vhdx-endian.c:124:18: warning: taking address of packed member of 'struct VHDXLogEntryHeader' may result in an unaligned pointer value [-Waddress-of-packed-member]
  124 |     le32_to_cpus(&hdr->tail);
      |                  ^~~~~~~~~~
block/vhdx-endian.c:125:18: warning: taking address of packed member of 'struct VHDXLogEntryHeader' may result in an unaligned pointer value [-Waddress-of-packed-member]
  125 |     le64_to_cpus(&hdr->sequence_number);
      |                  ^~~~~~~~~~~~~~~~~~~~~
block/vhdx-endian.c:126:18: warning: taking address of packed member of 'struct VHDXLogEntryHeader' may result in an unaligned pointer value [-Waddress-of-packed-member]
  126 |     le32_to_cpus(&hdr->descriptor_count);
      |                  ^~~~~~~~~~~~~~~~~~~~~~
block/vhdx-endian.c:128:18: warning: taking address of packed member of 'struct VHDXLogEntryHeader' may result in an unaligned pointer value [-Waddress-of-packed-member]
  128 |     le64_to_cpus(&hdr->flushed_file_offset);
      |                  ^~~~~~~~~~~~~~~~~~~~~~~~~
block/vhdx-endian.c:129:18: warning: taking address of packed member of 'struct VHDXLogEntryHeader' may result in an unaligned pointer value [-Waddress-of-packed-member]
  129 |     le64_to_cpus(&hdr->last_file_offset);
      |                  ^~~~~~~~~~~~~~~~~~~~~~
block/vhdx-endian.c: In function 'vhdx_log_entry_hdr_le_export':
block/vhdx-endian.c:136:18: warning: taking address of packed member of 'struct VHDXLogEntryHeader' may result in an unaligned pointer value [-Waddress-of-packed-member]
  136 |     cpu_to_le32s(&hdr->signature);
      |                  ^~~~~~~~~~~~~~~
block/vhdx-endian.c:137:18: warning: taking address of packed member of 'struct VHDXLogEntryHeader' may result in an unaligned pointer value [-Waddress-of-packed-member]
  137 |     cpu_to_le32s(&hdr->checksum);
      |                  ^~~~~~~~~~~~~~
block/vhdx-endian.c:138:18: warning: taking address of packed member of 'struct VHDXLogEntryHeader' may result in an unaligned pointer value [-Waddress-of-packed-member]
  138 |     cpu_to_le32s(&hdr->entry_length);
      |                  ^~~~~~~~~~~~~~~~~~
block/vhdx-endian.c:139:18: warning: taking address of packed member of 'struct VHDXLogEntryHeader' may result in an unaligned pointer value [-Waddress-of-packed-member]
  139 |     cpu_to_le32s(&hdr->tail);
      |                  ^~~~~~~~~~
block/vhdx-endian.c:140:18: warning: taking address of packed member of 'struct VHDXLogEntryHeader' may result in an unaligned pointer value [-Waddress-of-packed-member]
  140 |     cpu_to_le64s(&hdr->sequence_number);
      |                  ^~~~~~~~~~~~~~~~~~~~~
block/vhdx-endian.c:141:18: warning: taking address of packed member of 'struct VHDXLogEntryHeader' may result in an unaligned pointer value [-Waddress-of-packed-member]
  141 |     cpu_to_le32s(&hdr->descriptor_count);
      |                  ^~~~~~~~~~~~~~~~~~~~~~
block/vhdx-endian.c:143:18: warning: taking address of packed member of 'struct VHDXLogEntryHeader' may result in an unaligned pointer value [-Waddress-of-packed-member]
  143 |     cpu_to_le64s(&hdr->flushed_file_offset);
      |                  ^~~~~~~~~~~~~~~~~~~~~~~~~
block/vhdx-endian.c:144:18: warning: taking address of packed member of 'struct VHDXLogEntryHeader' may result in an unaligned pointer value [-Waddress-of-packed-member]
  144 |     cpu_to_le64s(&hdr->last_file_offset);
      |                  ^~~~~~~~~~~~~~~~~~~~~~
block/vhdx-endian.c: In function 'vhdx_region_header_le_import':
block/vhdx-endian.c:153:18: warning: taking address of packed member of 'struct VHDXRegionTableHeader' may result in an unaligned pointer value [-Waddress-of-packed-member]
  153 |     le32_to_cpus(&hdr->signature);
      |                  ^~~~~~~~~~~~~~~
block/vhdx-endian.c:154:18: warning: taking address of packed member of 'struct VHDXRegionTableHeader' may result in an unaligned pointer value [-Waddress-of-packed-member]
  154 |     le32_to_cpus(&hdr->checksum);
      |                  ^~~~~~~~~~~~~~
block/vhdx-endian.c:155:18: warning: taking address of packed member of 'struct VHDXRegionTableHeader' may result in an unaligned pointer value [-Waddress-of-packed-member]
  155 |     le32_to_cpus(&hdr->entry_count);
      |                  ^~~~~~~~~~~~~~~~~
block/vhdx-endian.c: In function 'vhdx_region_header_le_export':
block/vhdx-endian.c:162:18: warning: taking address of packed member of 'struct VHDXRegionTableHeader' may result in an unaligned pointer value [-Waddress-of-packed-member]
  162 |     cpu_to_le32s(&hdr->signature);
      |                  ^~~~~~~~~~~~~~~
block/vhdx-endian.c:163:18: warning: taking address of packed member of 'struct VHDXRegionTableHeader' may result in an unaligned pointer value [-Waddress-of-packed-member]
  163 |     cpu_to_le32s(&hdr->checksum);
      |                  ^~~~~~~~~~~~~~
block/vhdx-endian.c:164:18: warning: taking address of packed member of 'struct VHDXRegionTableHeader' may result in an unaligned pointer value [-Waddress-of-packed-member]
  164 |     cpu_to_le32s(&hdr->entry_count);
      |                  ^~~~~~~~~~~~~~~~~
block/vhdx-endian.c: In function 'vhdx_region_entry_le_import':
block/vhdx-endian.c:172:18: warning: taking address of packed member of 'struct VHDXRegionTableEntry' may result in an unaligned pointer value [-Waddress-of-packed-member]
  172 |     le64_to_cpus(&e->file_offset);
      |                  ^~~~~~~~~~~~~~~
block/vhdx-endian.c:173:18: warning: taking address of packed member of 'struct VHDXRegionTableEntry' may result in an unaligned pointer value [-Waddress-of-packed-member]
  173 |     le32_to_cpus(&e->length);
      |                  ^~~~~~~~~~
block/vhdx-endian.c:174:18: warning: taking address of packed member of 'struct VHDXRegionTableEntry' may result in an unaligned pointer value [-Waddress-of-packed-member]
  174 |     le32_to_cpus(&e->data_bits);
      |                  ^~~~~~~~~~~~~
block/vhdx-endian.c: In function 'vhdx_region_entry_le_export':
block/vhdx-endian.c:182:18: warning: taking address of packed member of 'struct VHDXRegionTableEntry' may result in an unaligned pointer value [-Waddress-of-packed-member]
  182 |     cpu_to_le64s(&e->file_offset);
      |                  ^~~~~~~~~~~~~~~
block/vhdx-endian.c:183:18: warning: taking address of packed member of 'struct VHDXRegionTableEntry' may result in an unaligned pointer value [-Waddress-of-packed-member]
  183 |     cpu_to_le32s(&e->length);
      |                  ^~~~~~~~~~
block/vhdx-endian.c:184:18: warning: taking address of packed member of 'struct VHDXRegionTableEntry' may result in an unaligned pointer value [-Waddress-of-packed-member]
  184 |     cpu_to_le32s(&e->data_bits);
      |                  ^~~~~~~~~~~~~
block/vhdx-endian.c: In function 'vhdx_metadata_header_le_import':
block/vhdx-endian.c:193:18: warning: taking address of packed member of 'struct VHDXMetadataTableHeader' may result in an unaligned pointer value [-Waddress-of-packed-member]
  193 |     le64_to_cpus(&hdr->signature);
      |                  ^~~~~~~~~~~~~~~
block/vhdx-endian.c:194:18: warning: taking address of packed member of 'struct VHDXMetadataTableHeader' may result in an unaligned pointer value [-Waddress-of-packed-member]
  194 |     le16_to_cpus(&hdr->entry_count);
      |                  ^~~~~~~~~~~~~~~~~
block/vhdx-endian.c: In function 'vhdx_metadata_header_le_export':
block/vhdx-endian.c:201:18: warning: taking address of packed member of 'struct VHDXMetadataTableHeader' may result in an unaligned pointer value [-Waddress-of-packed-member]
  201 |     cpu_to_le64s(&hdr->signature);
      |                  ^~~~~~~~~~~~~~~
block/vhdx-endian.c:202:18: warning: taking address of packed member of 'struct VHDXMetadataTableHeader' may result in an unaligned pointer value [-Waddress-of-packed-member]
  202 |     cpu_to_le16s(&hdr->entry_count);
      |                  ^~~~~~~~~~~~~~~~~
block/vhdx-endian.c: In function 'vhdx_metadata_entry_le_import':
block/vhdx-endian.c:210:18: warning: taking address of packed member of 'struct VHDXMetadataTableEntry' may result in an unaligned pointer value [-Waddress-of-packed-member]
  210 |     le32_to_cpus(&e->offset);
      |                  ^~~~~~~~~~
block/vhdx-endian.c:211:18: warning: taking address of packed member of 'struct VHDXMetadataTableEntry' may result in an unaligned pointer value [-Waddress-of-packed-member]
  211 |     le32_to_cpus(&e->length);
      |                  ^~~~~~~~~~
block/vhdx-endian.c:212:18: warning: taking address of packed member of 'struct VHDXMetadataTableEntry' may result in an unaligned pointer value [-Waddress-of-packed-member]
  212 |     le32_to_cpus(&e->data_bits);
      |                  ^~~~~~~~~~~~~
block/vhdx-endian.c: In function 'vhdx_metadata_entry_le_export':
block/vhdx-endian.c:219:18: warning: taking address of packed member of 'struct VHDXMetadataTableEntry' may result in an unaligned pointer value [-Waddress-of-packed-member]
  219 |     cpu_to_le32s(&e->offset);
      |                  ^~~~~~~~~~
block/vhdx-endian.c:220:18: warning: taking address of packed member of 'struct VHDXMetadataTableEntry' may result in an unaligned pointer value [-Waddress-of-packed-member]
  220 |     cpu_to_le32s(&e->length);
      |                  ^~~~~~~~~~
block/vhdx-endian.c:221:18: warning: taking address of packed member of 'struct VHDXMetadataTableEntry' may result in an unaligned pointer value [-Waddress-of-packed-member]
  221 |     cpu_to_le32s(&e->data_bits);
      |                  ^~~~~~~~~~~~~
In file included from block/vhdx-log.c:27:
./block/vhdx.h: In function 'leguid_to_cpus':
./block/vhdx.h:423:18: warning: taking address of packed member of 'struct MSGUID' may result in an unaligned pointer value [-Waddress-of-packed-member]
  423 |     le32_to_cpus(&guid->data1);
      |                  ^~~~~~~~~~~~
./block/vhdx.h:424:18: warning: taking address of packed member of 'struct MSGUID' may result in an unaligned pointer value [-Waddress-of-packed-member]
  424 |     le16_to_cpus(&guid->data2);
      |                  ^~~~~~~~~~~~
./block/vhdx.h:425:18: warning: taking address of packed member of 'struct MSGUID' may result in an unaligned pointer value [-Waddress-of-packed-member]
  425 |     le16_to_cpus(&guid->data3);
      |                  ^~~~~~~~~~~~
./block/vhdx.h: In function 'cpu_to_leguids':
./block/vhdx.h:430:18: warning: taking address of packed member of 'struct MSGUID' may result in an unaligned pointer value [-Waddress-of-packed-member]
  430 |     cpu_to_le32s(&guid->data1);
      |                  ^~~~~~~~~~~~
./block/vhdx.h:431:18: warning: taking address of packed member of 'struct MSGUID' may result in an unaligned pointer value [-Waddress-of-packed-member]
  431 |     cpu_to_le16s(&guid->data2);
      |                  ^~~~~~~~~~~~
./block/vhdx.h:432:18: warning: taking address of packed member of 'struct MSGUID' may result in an unaligned pointer value [-Waddress-of-packed-member]
  432 |     cpu_to_le16s(&guid->data3);
      |                  ^~~~~~~~~~~~
block/vhdx-log.c: In function 'vhdx_log_raw_to_le_sector':
block/vhdx-log.c:838:18: warning: taking address of packed member of 'struct VHDXLogDescriptor' may result in an unaligned pointer value [-Waddress-of-packed-member]
  838 |     cpu_to_le64s(&desc->leading_bytes);
      |                  ^~~~~~~~~~~~~~~~~~~~
block/vhdx-log.c:842:18: warning: taking address of packed member of 'struct VHDXLogDescriptor' may result in an unaligned pointer value [-Waddress-of-packed-member]
  842 |     cpu_to_le32s(&desc->trailing_bytes);
      |                  ^~~~~~~~~~~~~~~~~~~~~
  CC      block/blkdebug.o
  CC      block/blkreplay.o
  CC      block/blkverify.o
  CC      block/block-backend.o
  CC      block/snapshot.o
  CC      block/file-win32.o
  CC      block/qapi.o
  CC      block/win32-aio.o
  CC      block/null.o
  CC      block/mirror.o
  CC      block/commit.o
  CC      block/io.o
  CC      block/create.o
block/commit.c: In function 'commit_run':
block/commit.c:148:9: warning: variable 'bytes_written' set but not used [-Wunused-but-set-variable=]
  148 |     int bytes_written = 0;
      |         ^~~~~~~~~~~~~
  CC      block/throttle-groups.o
  CC      block/nbd.o
  CC      block/nbd-client.o
  CC      block/sheepdog.o
  CC      block/accounting.o
  CC      block/dirty-bitmap.o
  CC      block/write-threshold.o
  CC      block/backup.o
  CC      block/replication.o
  CC      block/throttle.o
  CC      block/crypto.o
  CC      nbd/server.o
  CC      nbd/client.o
  CC      nbd/common.o
  CC      scsi/utils.o
nbd/server.c: In function 'blockstatus_to_extent_be':
nbd/server.c:1745:18: warning: taking address of packed member of 'struct NBDExtent' may result in an unaligned pointer value [-Waddress-of-packed-member]
 1745 |     cpu_to_be32s(&extent->flags);
      |                  ^~~~~~~~~~~~~~
nbd/client.c: In function 'nbd_receive_option_reply':
nbd/client.c:120:18: warning: taking address of packed member of 'struct NBDOptionReply' may result in an unaligned pointer value [-Waddress-of-packed-member]
  120 |     be64_to_cpus(&reply->magic);
      |                  ^~~~~~~~~~~~~
nbd/client.c:121:18: warning: taking address of packed member of 'struct NBDOptionReply' may result in an unaligned pointer value [-Waddress-of-packed-member]
  121 |     be32_to_cpus(&reply->option);
      |                  ^~~~~~~~~~~~~~
nbd/client.c:122:18: warning: taking address of packed member of 'struct NBDOptionReply' may result in an unaligned pointer value [-Waddress-of-packed-member]
  122 |     be32_to_cpus(&reply->type);
      |                  ^~~~~~~~~~~~
nbd/client.c:123:18: warning: taking address of packed member of 'struct NBDOptionReply' may result in an unaligned pointer value [-Waddress-of-packed-member]
  123 |     be32_to_cpus(&reply->length);
      |                  ^~~~~~~~~~~~~~
nbd/client.c: In function 'nbd_receive_simple_reply':
nbd/client.c:1061:18: warning: taking address of packed member of 'struct NBDSimpleReply' may result in an unaligned pointer value [-Waddress-of-packed-member]
 1061 |     be32_to_cpus(&reply->error);
      |                  ^~~~~~~~~~~~~
nbd/client.c:1062:18: warning: taking address of packed member of 'struct NBDSimpleReply' may result in an unaligned pointer value [-Waddress-of-packed-member]
 1062 |     be64_to_cpus(&reply->handle);
      |                  ^~~~~~~~~~~~~~
nbd/client.c: In function 'nbd_receive_structured_reply_chunk':
nbd/client.c:1086:18: warning: taking address of packed member of 'struct NBDStructuredReplyChunk' may result in an unaligned pointer value [-Waddress-of-packed-member]
 1086 |     be16_to_cpus(&chunk->flags);
      |                  ^~~~~~~~~~~~~
nbd/client.c:1087:18: warning: taking address of packed member of 'struct NBDStructuredReplyChunk' may result in an unaligned pointer value [-Waddress-of-packed-member]
 1087 |     be16_to_cpus(&chunk->type);
      |                  ^~~~~~~~~~~~
nbd/client.c:1088:18: warning: taking address of packed member of 'struct NBDStructuredReplyChunk' may result in an unaligned pointer value [-Waddress-of-packed-member]
 1088 |     be64_to_cpus(&chunk->handle);
      |                  ^~~~~~~~~~~~~~
nbd/client.c:1089:18: warning: taking address of packed member of 'struct NBDStructuredReplyChunk' may result in an unaligned pointer value [-Waddress-of-packed-member]
 1089 |     be32_to_cpus(&chunk->length);
      |                  ^~~~~~~~~~~~~~
nbd/client.c: In function 'nbd_receive_reply':
nbd/client.c:1109:18: warning: taking address of packed member of 'struct <anonymous>' may result in an unaligned pointer value [-Waddress-of-packed-member]
 1109 |     be32_to_cpus(&reply->magic);
      |                  ^~~~~~~~~~~~~
  CC      block/dmg-bz2.o
  CC      crypto/init.o
  CC      crypto/hash.o
  CC      crypto/hash-gcrypt.o
  CC      crypto/hmac.o
  CC      crypto/hmac-gcrypt.o
  CC      crypto/aes.o
  CC      crypto/desrfb.o
  CC      crypto/cipher.o
  CC      crypto/tlscreds.o
  CC      crypto/tlscredsanon.o
  CC      crypto/tlscredsx509.o
  CC      crypto/tlssession.o
  CC      crypto/secret.o
  CC      crypto/random-gcrypt.o
  CC      crypto/pbkdf.o
  CC      crypto/pbkdf-gcrypt.o
  CC      crypto/ivgen.o
  CC      crypto/ivgen-essiv.o
  CC      crypto/ivgen-plain.o
  CC      crypto/ivgen-plain64.o
  CC      crypto/afsplit.o
  CC      crypto/xts.o
  CC      crypto/block.o
  CC      crypto/block-qcow.o
  CC      crypto/block-luks.o
  CC      io/channel.o
  CC      io/channel-buffer.o
crypto/block-luks.c: In function 'qcrypto_block_luks_open':
crypto/block-luks.c:687:18: warning: taking address of packed member of 'struct QCryptoBlockLUKSHeader' may result in an unaligned pointer value [-Waddress-of-packed-member]
  687 |     be16_to_cpus(&luks->header.version);
      |                  ^~~~~~~~~~~~~~~~~~~~~
crypto/block-luks.c:688:18: warning: taking address of packed member of 'struct QCryptoBlockLUKSHeader' may result in an unaligned pointer value [-Waddress-of-packed-member]
  688 |     be32_to_cpus(&luks->header.payload_offset);
      |                  ^~~~~~~~~~~~~~~~~~~~~~~~~~~~
crypto/block-luks.c:689:18: warning: taking address of packed member of 'struct QCryptoBlockLUKSHeader' may result in an unaligned pointer value [-Waddress-of-packed-member]
  689 |     be32_to_cpus(&luks->header.key_bytes);
      |                  ^~~~~~~~~~~~~~~~~~~~~~~
crypto/block-luks.c:690:18: warning: taking address of packed member of 'struct QCryptoBlockLUKSHeader' may result in an unaligned pointer value [-Waddress-of-packed-member]
  690 |     be32_to_cpus(&luks->header.master_key_iterations);
      |                  ^~~~~~~~~~~~~~~~~~~~~~~~~~~~~~~~~~~
crypto/block-luks.c:693:22: warning: taking address of packed member of 'struct QCryptoBlockLUKSKeySlot' may result in an unaligned pointer value [-Waddress-of-packed-member]
  693 |         be32_to_cpus(&luks->header.key_slots[i].active);
      |                      ^~~~~~~~~~~~~~~~~~~~~~~~~~~~~~~~~
crypto/block-luks.c:694:22: warning: taking address of packed member of 'struct QCryptoBlockLUKSKeySlot' may result in an unaligned pointer value [-Waddress-of-packed-member]
  694 |         be32_to_cpus(&luks->header.key_slots[i].iterations);
      |                      ^~~~~~~~~~~~~~~~~~~~~~~~~~~~~~~~~~~~~
crypto/block-luks.c:695:22: warning: taking address of packed member of 'struct QCryptoBlockLUKSKeySlot' may result in an unaligned pointer value [-Waddress-of-packed-member]
  695 |         be32_to_cpus(&luks->header.key_slots[i].key_offset);
      |                      ^~~~~~~~~~~~~~~~~~~~~~~~~~~~~~~~~~~~~
crypto/block-luks.c:696:22: warning: taking address of packed member of 'struct QCryptoBlockLUKSKeySlot' may result in an unaligned pointer value [-Waddress-of-packed-member]
  696 |         be32_to_cpus(&luks->header.key_slots[i].stripes);
      |                      ^~~~~~~~~~~~~~~~~~~~~~~~~~~~~~~~~~
crypto/block-luks.c: In function 'qcrypto_block_luks_create':
crypto/block-luks.c:1257:18: warning: taking address of packed member of 'struct QCryptoBlockLUKSHeader' may result in an unaligned pointer value [-Waddress-of-packed-member]
 1257 |     cpu_to_be16s(&luks->header.version);
      |                  ^~~~~~~~~~~~~~~~~~~~~
crypto/block-luks.c:1258:18: warning: taking address of packed member of 'struct QCryptoBlockLUKSHeader' may result in an unaligned pointer value [-Waddress-of-packed-member]
 1258 |     cpu_to_be32s(&luks->header.payload_offset);
      |                  ^~~~~~~~~~~~~~~~~~~~~~~~~~~~
crypto/block-luks.c:1259:18: warning: taking address of packed member of 'struct QCryptoBlockLUKSHeader' may result in an unaligned pointer value [-Waddress-of-packed-member]
 1259 |     cpu_to_be32s(&luks->header.key_bytes);
      |                  ^~~~~~~~~~~~~~~~~~~~~~~
crypto/block-luks.c:1260:18: warning: taking address of packed member of 'struct QCryptoBlockLUKSHeader' may result in an unaligned pointer value [-Waddress-of-packed-member]
 1260 |     cpu_to_be32s(&luks->header.master_key_iterations);
      |                  ^~~~~~~~~~~~~~~~~~~~~~~~~~~~~~~~~~~
crypto/block-luks.c:1263:22: warning: taking address of packed member of 'struct QCryptoBlockLUKSKeySlot' may result in an unaligned pointer value [-Waddress-of-packed-member]
 1263 |         cpu_to_be32s(&luks->header.key_slots[i].active);
      |                      ^~~~~~~~~~~~~~~~~~~~~~~~~~~~~~~~~
crypto/block-luks.c:1264:22: warning: taking address of packed member of 'struct QCryptoBlockLUKSKeySlot' may result in an unaligned pointer value [-Waddress-of-packed-member]
 1264 |         cpu_to_be32s(&luks->header.key_slots[i].iterations);
      |                      ^~~~~~~~~~~~~~~~~~~~~~~~~~~~~~~~~~~~~
crypto/block-luks.c:1265:22: warning: taking address of packed member of 'struct QCryptoBlockLUKSKeySlot' may result in an unaligned pointer value [-Waddress-of-packed-member]
 1265 |         cpu_to_be32s(&luks->header.key_slots[i].key_offset);
      |                      ^~~~~~~~~~~~~~~~~~~~~~~~~~~~~~~~~~~~~
crypto/block-luks.c:1266:22: warning: taking address of packed member of 'struct QCryptoBlockLUKSKeySlot' may result in an unaligned pointer value [-Waddress-of-packed-member]
 1266 |         cpu_to_be32s(&luks->header.key_slots[i].stripes);
      |                      ^~~~~~~~~~~~~~~~~~~~~~~~~~~~~~~~~~
crypto/block-luks.c:1281:18: warning: taking address of packed member of 'struct QCryptoBlockLUKSHeader' may result in an unaligned pointer value [-Waddress-of-packed-member]
 1281 |     be16_to_cpus(&luks->header.version);
      |                  ^~~~~~~~~~~~~~~~~~~~~
crypto/block-luks.c:1282:18: warning: taking address of packed member of 'struct QCryptoBlockLUKSHeader' may result in an unaligned pointer value [-Waddress-of-packed-member]
 1282 |     be32_to_cpus(&luks->header.payload_offset);
      |                  ^~~~~~~~~~~~~~~~~~~~~~~~~~~~
crypto/block-luks.c:1283:18: warning: taking address of packed member of 'struct QCryptoBlockLUKSHeader' may result in an unaligned pointer value [-Waddress-of-packed-member]
 1283 |     be32_to_cpus(&luks->header.key_bytes);
      |                  ^~~~~~~~~~~~~~~~~~~~~~~
crypto/block-luks.c:1284:18: warning: taking address of packed member of 'struct QCryptoBlockLUKSHeader' may result in an unaligned pointer value [-Waddress-of-packed-member]
 1284 |     be32_to_cpus(&luks->header.master_key_iterations);
      |                  ^~~~~~~~~~~~~~~~~~~~~~~~~~~~~~~~~~~
crypto/block-luks.c:1287:22: warning: taking address of packed member of 'struct QCryptoBlockLUKSKeySlot' may result in an unaligned pointer value [-Waddress-of-packed-member]
 1287 |         be32_to_cpus(&luks->header.key_slots[i].active);
      |                      ^~~~~~~~~~~~~~~~~~~~~~~~~~~~~~~~~
crypto/block-luks.c:1288:22: warning: taking address of packed member of 'struct QCryptoBlockLUKSKeySlot' may result in an unaligned pointer value [-Waddress-of-packed-member]
 1288 |         be32_to_cpus(&luks->header.key_slots[i].iterations);
      |                      ^~~~~~~~~~~~~~~~~~~~~~~~~~~~~~~~~~~~~
crypto/block-luks.c:1289:22: warning: taking address of packed member of 'struct QCryptoBlockLUKSKeySlot' may result in an unaligned pointer value [-Waddress-of-packed-member]
 1289 |         be32_to_cpus(&luks->header.key_slots[i].key_offset);
      |                      ^~~~~~~~~~~~~~~~~~~~~~~~~~~~~~~~~~~~~
crypto/block-luks.c:1290:22: warning: taking address of packed member of 'struct QCryptoBlockLUKSKeySlot' may result in an unaligned pointer value [-Waddress-of-packed-member]
 1290 |         be32_to_cpus(&luks->header.key_slots[i].stripes);
      |                      ^~~~~~~~~~~~~~~~~~~~~~~~~~~~~~~~~~
  CC      io/channel-command.o
  CC      io/channel-file.o
  CC      io/channel-socket.o
  CC      io/channel-tls.o
  CC      io/channel-watch.o
  CC      io/channel-websock.o
  CC      io/channel-util.o
  CC      io/dns-resolver.o
  CC      io/net-listener.o
  CC      io/task.o
  CC      qom/object.o
  CC      qom/container.o
  CC      qom/qom-qobject.o
  CC      qom/object_interfaces.o
  CC      qemu-img-ps4.o
  CC      qemu-io.o
  CC      blockdev.o
  CC      blockdev-nbd.o
qemu-img-ps4.c: In function 'generate_hdd_gpt':
qemu-img-ps4.c:204:14: warning: variable 'last_lba' set but not used [-Wunused-but-set-variable=]
  204 |     uint32_t last_lba, backup_lba;
      |              ^~~~~~~~
qemu-img-ps4.c: In function 'generate_hdd_sce_partition_img':
qemu-img-ps4.c:296:12: warning: suggest parentheses around assignment used as truth value [-Wparentheses]
  296 |     while (count = fread(buffer, 1, sizeof(buffer), file)) {
      |            ^~~~~
  CC      bootdevice.o
  CC      iothread.o
  CC      qdev-monitor.o
  CC      device-hotplug.o
  CC      os-win32.o
  CC      bt-host.o
  CC      bt-vhci.o
  CC      dma-helpers.o
  CC      vl.o
  CC      tpm.o
  CC      device_tree.o
  CC      qapi/qapi-commands.o
  CC      qapi/qapi-commands-block-core.o
vl.c: In function 'parse_fw_cfg':
vl.c:2332:9: warning: 'g_memdup' is deprecated: Use 'g_memdup2' instead [-Wdeprecated-declarations]
 2332 |         buf = g_memdup(str, size);
      |         ^~~
In file included from C:/Users/Syf/Desktop/BS4/tools/msys64/msys64/mingw64/include/glib-2.0/glib/gstring.h:37,
                 from C:/Users/Syf/Desktop/BS4/tools/msys64/msys64/mingw64/include/glib-2.0/glib/giochannel.h:36,
                 from C:/Users/Syf/Desktop/BS4/tools/msys64/msys64/mingw64/include/glib-2.0/glib.h:56,
                 from C:/Users/Syf/Desktop/BS4/orbital-500/orbital-qemu/include/glib-compat.h:19,
                 from C:/Users/Syf/Desktop/BS4/orbital-500/orbital-qemu/include/qemu/osdep.h:107,
                 from vl.c:25:
C:/Users/Syf/Desktop/BS4/tools/msys64/msys64/mingw64/include/glib-2.0/glib/gstrfuncs.h:338:23: note: declared here
  338 | gpointer              g_memdup         (gconstpointer mem,
      |                       ^~~~~~~~
vl.c: In function 'qemu_main':
vl.c:4616:9: error: implicit declaration of function 'hax_sync_vcpus' [-Wimplicit-function-declaration]
 4616 |         hax_sync_vcpus();
      |         ^~~~~~~~~~~~~~
vl.c:4616:9: warning: nested extern declaration of 'hax_sync_vcpus' [-Wnested-externs]
make: *** [/c/Users/Syf/Desktop/BS4/orbital-500/orbital-qemu/rules.mak:66: vl.o] Error 1
make: *** Waiting for unfinished jobs....
