configure: loading site script /etc/config.site
checking build system type... x86_64-w64-mingw32
checking host system type... x86_64-w64-mingw32
checking target system type... i686-pc-elf
checking for a BSD-compatible install... /usr/bin/install -c
checking whether ln works... yes
checking whether ln -s works... no, using cp -pR
checking for a sed that does not truncate output... /usr/bin/sed
checking for gawk... gawk
checking for libitm support... no
checking for libsanitizer support... no
checking for libvtv support... no
checking for libphobos support... no
checking for libgcobol support... no
checking for x86_64-w64-mingw32-gcc... /mingw64/bin/gcc
checking whether the C compiler works... yes
checking for C compiler default output file name... a.exe
checking for suffix of executables... .exe
checking whether we are cross compiling... no
checking for suffix of object files... o
checking whether we are using the GNU C compiler... yes
checking whether /mingw64/bin/gcc accepts -g... yes
checking for /mingw64/bin/gcc option to accept ISO C89... none needed
checking for /mingw64/bin/gcc option to accept ISO C99... none needed
checking whether we are using the GNU C++ compiler... yes
checking whether /mingw64/bin/g++ accepts -g... yes
checking whether g++ accepts -static-libstdc++ -static-libgcc... yes
checking for x86_64-w64-mingw32-gnatbind... no
checking for gnatbind... no
checking for x86_64-w64-mingw32-gnatmake... no
checking for gnatmake... no
checking whether compiler driver understands Ada and is recent enough... no
checking for x86_64-w64-mingw32-gdc... no
checking for gdc... no
checking whether the D compiler works... no
checking for cargo... no
checking how to compare bootstrapped objects... cmp --ignore-initial=16 $$f1 $$f2
checking whether /mingw64/bin/g++ supports C++14 features by default... yes
checking for objdir... .libs
configure: WARNING: using in-tree isl, disabling version check
checking whether to enable libgdiagnostics... no
checking for library containing dlopen... no
checking for library containing pthread_create... none required
*** This configuration is not supported in the following subdirectories:
     target-libquadmath target-libitm target-libsanitizer target-libvtv target-libphobos target-libgcobol gnattools gotools libgrust target-libada target-libstdc++-v3 target-zlib target-libbacktrace target-libgfortran target-libgo target-libffi target-libgm2 target-libobjc target-libgrust target-libgomp target-libatomic target-libssp
    (Any other directories should still work fine.)
checking for default BUILD_CONFIG... 
checking for --enable-vtable-verify... no
checking for bison... bison -y
checking for bison... bison
checking for gm4... no
checking for gnum4... no
checking for m4... m4
checking for flex... flex
checking for flex... flex
checking for makeinfo... no
/c/Users/Syf/Desktop/BS4/tools/gcc-15.2.0/missing: line 81: makeinfo: command not found
checking for expect... no
checking for runtest... no
checking for x86_64-w64-mingw32-ar... no
checking for ar... ar
checking for x86_64-w64-mingw32-as... no
checking for as... as
checking for x86_64-w64-mingw32-dlltool... no
checking for dlltool... dlltool
checking for x86_64-w64-mingw32-dsymutil... no
checking for dsymutil... dsymutil
checking for ld... (cached) C:/Users/Syf/Desktop/BS4/tools/msys64/msys64/mingw64/bin/../lib/gcc/x86_64-w64-mingw32/16.2.0/../../../../x86_64-w64-mingw32/bin/ld.exe
checking for x86_64-w64-mingw32-ld... (cached) C:/Users/Syf/Desktop/BS4/tools/msys64/msys64/mingw64/bin/../lib/gcc/x86_64-w64-mingw32/16.2.0/../../../../x86_64-w64-mingw32/bin/ld.exe
checking for x86_64-w64-mingw32-lipo... no
checking for lipo... no
checking for x86_64-w64-mingw32-nm... no
checking for nm... nm
checking for x86_64-w64-mingw32-ranlib... no
checking for ranlib... ranlib
checking for x86_64-w64-mingw32-strip... no
checking for strip... strip
checking for x86_64-w64-mingw32-windres... no
checking for windres... windres
checking for x86_64-w64-mingw32-windmc... no
checking for windmc... windmc
checking for x86_64-w64-mingw32-objcopy... no
checking for objcopy... objcopy
checking for x86_64-w64-mingw32-objdump... no
checking for objdump... objdump
checking for x86_64-w64-mingw32-otool... no
checking for otool... no
checking for x86_64-w64-mingw32-readelf... no
checking for readelf... readelf
checking for -plugin option... checking for x86_64-w64-mingw32-ar... (cached) ar
no
checking for i686-elf-cc... no
checking for i686-elf-gcc... no
checking for i686-elf-c++... no
checking for i686-elf-g++... no
checking for i686-elf-cxx... no
checking for i686-elf-gxx... no
checking for i686-elf-gcc... no
checking for i686-elf-gfortran... no
checking for i686-elf-gccgo... no
checking for i686-elf-gdc... no
checking for i686-elf-gm2... no
checking for ar... no
checking for i686-elf-ar... no
checking for as... no
checking for i686-elf-as... no
checking for dlltool... no
checking for i686-elf-dlltool... no
checking for dsymutil... no
checking for i686-elf-dsymutil... no
checking for ld... no
checking for i686-elf-ld... no
checking for lipo... no
checking for i686-elf-lipo... no
checking for nm... no
checking for i686-elf-nm... no
checking for objcopy... no
checking for i686-elf-objcopy... no
checking for objdump... no
checking for i686-elf-objdump... no
checking for otool... no
checking for i686-elf-otool... no
checking for ranlib... no
checking for i686-elf-ranlib... no
checking for readelf... no
checking for i686-elf-readelf... no
checking for strip... no
checking for i686-elf-strip... no
checking for windres... no
checking for i686-elf-windres... no
checking for windmc... no
checking for i686-elf-windmc... no
checking where to find the target ar... pre-installed
checking where to find the target as... pre-installed
checking where to find the target cc... just compiled
checking where to find the target c++... pre-installed
checking where to find the target c++ for libstdc++... pre-installed
checking where to find the target dlltool... pre-installed
checking where to find the target dsymutil... pre-installed
checking where to find the target gcc... just compiled
checking where to find the target gfortran... pre-installed
checking where to find the target gccgo... pre-installed
checking where to find the target gdc... pre-installed
checking where to find the target gm2... pre-installed
checking where to find the target ld... pre-installed
checking where to find the target lipo... pre-installed
checking where to find the target nm... pre-installed
checking where to find the target objcopy... pre-installed
checking where to find the target objdump... pre-installed
checking where to find the target otool... pre-installed
checking where to find the target ranlib... pre-installed
checking where to find the target readelf... pre-installed
checking where to find the target strip... pre-installed
checking where to find the target windres... pre-installed
checking where to find the target windmc... pre-installed
checking whether to enable maintainer-specific portions of Makefiles... no
configure: creating ./config.status
config.status: creating Makefile
