configure: loading site script /etc/config.site
checking build system type... x86_64-pc-cygwin
checking host system type... x86_64-pc-cygwin
checking target system type... x86_64-pc-none
checking for a BSD-compatible install... /usr/bin/install -c
checking whether sleep supports fractional seconds... yes
checking filesystem timestamp resolution... 0.01
checking whether build environment is sane... yes
checking for a race-free mkdir -p... /usr/bin/mkdir -p
checking for gawk... gawk
checking whether make sets $(MAKE)... yes
checking whether make supports nested variables... yes
checking xargs -n works... yes
checking whether UID '197612' is supported by ustar format... yes
checking whether GID '197121' is supported by ustar format... yes
checking how to create a ustar tar archive... gnutar
checking for cmp... cmp
checking for bison... bison
checking for ranlib... ranlib
checking for gawk... (cached) gawk
checking whether make supports the include directive... yes (GNU style)
checking for gcc... gcc
checking whether the C compiler works... yes
checking for C compiler default output file name... a.exe
checking for suffix of executables... .exe
checking whether we are cross compiling... no
checking for suffix of object files... o
checking whether the compiler supports GNU C... yes
checking whether gcc accepts -g... yes
checking for gcc option to enable C23 features... unsupported
checking for gcc option to enable C11 features... none needed
checking whether gcc understands -c and -o together... yes
checking dependency style of gcc... gcc3
checking for flex... flex
checking for lex output file root... lex.yy
checking for lex library... none needed
checking for library containing yywrap... no
checking whether yytext is a pointer... yes
checking for bison... (cached) bison
checking whether make sets $(MAKE)... (cached) yes
checking whether ln -s works... no, using cp -pR
checking for makeinfo... no
checking for true... /usr/bin/true
checking for gcc... (cached) gcc
checking whether the compiler supports GNU C... (cached) yes
checking whether gcc accepts -g... (cached) yes
checking for gcc option to enable C23 features... (cached) unsupported
checking for gcc option to enable C11 features... (cached) none needed
checking whether gcc understands -c and -o together... (cached) yes
checking dependency style of gcc... (cached) gcc3
checking how to run the C preprocessor... gcc -E
checking for egrep -e... /usr/bin/grep -E
checking for Minix Amsterdam compiler... no
checking for ar... ar
checking for stdio.h... yes
checking for stdlib.h... yes
checking for string.h... yes
checking for inttypes.h... yes
checking for stdint.h... yes
checking for strings.h... yes
checking for sys/stat.h... yes
checking for sys/types.h... yes
checking for unistd.h... yes
checking for features.h... no
checking for linewrap.h... no
checking for wctype.h... yes
checking for getopt.h... yes
checking for langinfo.h... no
checking for xlocale.h... no
checking for wchar.h... yes
checking for sys/mman.h... no
checking for sys/socket.h... no
checking for sysexits.h... no
checking for minix/config.h... no
checking whether it is safe to define __EXTENSIONS__... yes
checking whether _XOPEN_SOURCE should be defined... no
checking for g++... g++
checking whether the compiler supports GNU C++... yes
checking whether g++ accepts -g... yes
checking dependency style of g++... gcc3
checking dependency style of gcc... gcc3
checking for g++... yes
checking whether NLS is requested... yes
checking for msgfmt... /usr/bin/msgfmt
checking for gmsgfmt... /usr/bin/msgfmt
checking for xgettext... /usr/bin/xgettext
checking for msgmerge... /usr/bin/msgmerge
checking for ld used by gcc... C:/Users/Syf/Desktop/BS4/tools/msys64/msys64/mingw64/x86_64-w64-mingw32/bin/ld.exe
checking if the linker (C:/Users/Syf/Desktop/BS4/tools/msys64/msys64/mingw64/x86_64-w64-mingw32/bin/ld.exe) is GNU ld... yes
checking for shared library run path origin... done
checking for CFPreferencesCopyAppValue... no
checking for CFLocaleCopyCurrent... no
checking for GNU gettext in libc... no
checking for iconv... yes
checking for working iconv... no
checking for GNU gettext in libintl... yes
checking whether to use NLS... yes
checking where the gettext function comes from... external libintl
checking how to link with libintl... /usr/lib/libintl.dll.a
checking for gcc option to support large files... -D_FILE_OFFSET_BITS=64
checking whether byte ordering is bigendian... no
checking size of void *... 8
checking size of long... 4
checking size of TCHAR... 2
checking for help2man... no
checking for posix_memalign... no
checking for memalign... no
checking for getextmntent... no
checking for sys/param.h... yes
checking for sys/mount.h... no
checking for sys/mnttab.h... no
checking for limits.h... yes
checking for sys/mkdev.h... no
checking for sys/sysmacros.h... no
checking for struct statfs.f_fstypename... no
checking for struct statfs.f_mntfromname... no
checking for util.h... no
checking whether -Wtrampolines work... yes
checking for gcc... gcc
checking for size_t... yes
checking for working alloca.h... no
checking for alloca... yes
checking for inline... inline
checking for C/C++ restrict keyword... __restrict__
checking for gcc options to detect undeclared functions... none needed
checking for gcc options to ignore future-version functions... none needed
checking whether clearerr_unlocked is declared... no
checking whether feof_unlocked is declared... no
checking whether ferror_unlocked is declared... no
checking whether fflush_unlocked is declared... no
checking whether fgets_unlocked is declared... no
checking whether fputc_unlocked is declared... no
checking whether fputs_unlocked is declared... no
checking whether fread_unlocked is declared... no
checking whether fwrite_unlocked is declared... no
checking whether getc_unlocked is declared... no
checking whether getchar_unlocked is declared... no
checking whether putc_unlocked is declared... no
checking whether putchar_unlocked is declared... no
checking for flockfile... no
checking for funlockfile... no
checking for btowc... yes
checking for isblank... yes
checking for iswctype... yes
checking for mbsrtowcs... yes
checking for mempcpy... yes
checking for wmemchr... yes
checking for wmemcpy... yes
checking for wmempcpy... yes
checking for getdelim... no
checking for symlink... no
checking for mbsinit... yes
checking for mbrtowc... yes
checking for isascii... yes
checking for mprotect... yes
checking for _set_invalid_parameter_handler... yes
checking for nl_langinfo... no
checking for wcscoll... yes
checking for sleep... yes
checking for strndup... yes
checking for vasnprintf... no
checking for snprintf... yes
checking for wcrtomb... yes
checking for iswcntrl... yes
checking for wcwidth... no
checking whether <wchar.h> uses 'inline' correctly... yes
checking for nl_langinfo and CODESET... no
checking for a traditional french locale... none
checking whether // is distinct from /... yes
checking whether the preprocessor supports include_next... yes
checking whether system header files limit the line length... no
checking for complete errno.h... no
checking for EMULTIHOP value... no
checking for ENOLINK value... yes
checking for EOVERFLOW value... yes
checking whether strerror_r is declared... no
checking whether strerror_r returns char *... no
checking for mbstate_t... yes
checking whether getdelim is declared... no
checking whether getline is declared... no
checking for getopt.h... (cached) yes
checking for getopt_long_only... yes
checking whether getopt is POSIX compatible... yes
checking for working GNU getopt function... yes
checking for working GNU getopt_long function... yes
checking whether getenv is declared... yes
checking for working fcntl.h... no
checking whether we are using the GNU C Library >= 2.1 or uClibc... no
checking for wchar_t... yes
checking whether NULL can be used in arbitrary expressions... yes
checking whether malloc, realloc, calloc are POSIX compliant... no
checking for a traditional japanese locale... none
checking for a transitional chinese locale... none
checking for a french Unicode locale... none
checking for mmap... no
checking whether memchr works... yes
checking whether alarm is declared... no
checking whether malloc (0) returns nonnull... yes
checking for stdbool.h that conforms to C99... no
checking for _Bool... yes
checking for unsigned long long int... yes
checking for long long int... yes
checking whether stdint.h conforms to C99... yes
checking whether strerror(0) succeeds... yes
checking whether ffsl is declared without a macro... no
checking whether ffsll is declared without a macro... no
checking whether memmem is declared without a macro... no
checking whether mempcpy is declared without a macro... yes
checking whether memrchr is declared without a macro... no
checking whether rawmemchr is declared without a macro... no
checking whether stpcpy is declared without a macro... no
checking whether stpncpy is declared without a macro... no
checking whether strchrnul is declared without a macro... no
checking whether strdup is declared without a macro... yes
checking whether strncat is declared without a macro... yes
checking whether strndup is declared without a macro... yes
checking whether strnlen is declared without a macro... yes
checking whether strpbrk is declared without a macro... yes
checking whether strsep is declared without a macro... no
checking whether strcasestr is declared without a macro... no
checking whether strtok_r is declared without a macro... yes
checking whether strerror_r is declared without a macro... no
checking whether strsignal is declared without a macro... no
checking whether strverscmp is declared without a macro... no
checking whether ffs is declared without a macro... no
checking whether strcasecmp is declared without a macro... yes
checking whether strncasecmp is declared without a macro... yes
checking whether strndup is declared... (cached) yes
checking whether strnlen is declared... (cached) yes
checking for pid_t... yes
checking for mode_t... yes
checking for wint_t... yes
checking for inttypes.h... yes
checking for stdint.h... yes
checking for intmax_t... yes
checking where to find the exponent in a 'double'... word 1 bit 20
checking whether snprintf returns a byte count as in C99... yes
checking for snprintf... (cached) yes
checking for strnlen... yes
checking for wcslen... yes
checking for wcsnlen... yes
checking for mbrtowc... (cached) yes
checking for wcrtomb... (cached) yes
checking whether _snprintf is declared... yes
checking whether vsnprintf is declared... yes
checking whether program_invocation_name is declared... no
checking whether program_invocation_short_name is declared... no
checking whether program_invocation_name is defined... no
checking whether program_invocation_short_name is defined... no
checking whether btowc(0) is correct... yes
checking whether btowc(EOF) is correct... guessing yes
checking whether // is distinct from /... (cached) yes
checking for error_at_line... no
checking whether conversion from 'int' to 'long double' works... yes
checking for working POSIX fnmatch... no
checking whether isblank is declared... yes
checking for flockfile... (cached) no
checking for funlockfile... (cached) no
checking whether getc_unlocked is declared... (cached) no
checking for getline... no
checking whether nl_langinfo is declared without a macro... no
checking whether locale.h conforms to POSIX:2001... no
checking whether struct lconv is properly defined... no
checking whether setlocale is declared without a macro... yes
checking whether duplocale is declared without a macro... no
checking for struct lconv.decimal_point... yes
checking whether malloc (0) returns nonnull... (cached) yes
checking whether mbrtowc handles incomplete characters... guessing yes
checking whether mbrtowc works as well as mbtowc... guessing yes
checking whether mbrtowc handles a NULL pwc argument... guessing yes
checking whether mbrtowc handles a NULL string argument... guessing yes
checking whether mbrtowc has a correct return value... guessing yes
checking whether mbrtowc returns 0 when parsing a NUL character... guessing yes
checking whether mbrtowc handles incomplete characters... (cached) guessing yes
checking whether mbrtowc works as well as mbtowc... (cached) guessing yes
checking whether mbrtowc handles incomplete characters... (cached) guessing yes
checking whether mbrtowc works as well as mbtowc... (cached) guessing yes
checking whether mbsrtowcs works... guessing yes
checking whether mbswidth is declared in <wchar.h>... no
checking for mbstate_t... (cached) yes
checking for mempcpy... (cached) yes
checking whether program_invocation_name is declared... (cached) no
checking whether program_invocation_short_name is declared... (cached) no
checking for rawmemchr... no
checking for working re_compile_pattern... no
checking for libintl.h... yes
checking whether isblank is declared... (cached) yes
checking for stdint.h... (cached) yes
checking for SIZE_MAX... yes
checking whether sleep is declared... yes
checking for working sleep... no
checking for ssize_t... yes
checking for working stdalign.h... yes
checking whether NULL can be used in arbitrary expressions... (cached) yes
checking whether dprintf is declared without a macro... no
checking whether fpurge is declared without a macro... no
checking whether fseeko is declared without a macro... yes
checking whether ftello is declared without a macro... yes
checking whether getdelim is declared without a macro... no
checking whether getline is declared without a macro... no
checking whether gets is declared without a macro... yes
checking whether pclose is declared without a macro... no
checking whether popen is declared without a macro... no
checking whether renameat is declared without a macro... no
checking whether snprintf is declared without a macro... yes
checking whether tmpfile is declared without a macro... yes
checking whether vdprintf is declared without a macro... no
checking whether vsnprintf is declared without a macro... yes
checking whether _Exit is declared without a macro... yes
checking whether atoll is declared without a macro... yes
checking whether canonicalize_file_name is declared without a macro... no
checking whether getloadavg is declared without a macro... no
checking whether getsubopt is declared without a macro... no
checking whether grantpt is declared without a macro... no
checking whether initstate is declared without a macro... no
checking whether initstate_r is declared without a macro... no
checking whether mkdtemp is declared without a macro... yes
checking whether mkostemp is declared without a macro... no
checking whether mkostemps is declared without a macro... no
checking whether mkstemp is declared without a macro... yes
checking whether mkstemps is declared without a macro... no
checking whether posix_openpt is declared without a macro... no
checking whether ptsname is declared without a macro... no
checking whether ptsname_r is declared without a macro... no
checking whether random is declared without a macro... no
checking whether random_r is declared without a macro... no
checking whether realpath is declared without a macro... no
checking whether rpmatch is declared without a macro... no
checking whether secure_getenv is declared without a macro... no
checking whether setenv is declared without a macro... no
checking whether setstate is declared without a macro... no
checking whether setstate_r is declared without a macro... no
checking whether srandom is declared without a macro... no
checking whether srandom_r is declared without a macro... no
checking whether strtod is declared without a macro... yes
checking whether strtoll is declared without a macro... yes
checking whether strtoull is declared without a macro... yes
checking whether unlockpt is declared without a macro... no
checking whether unsetenv is declared without a macro... no
checking for strcasecmp... yes
checking for strncasecmp... yes
checking whether strncasecmp is declared... (cached) yes
checking for strchrnul... no
checking for winsock2.h... yes
checking for working strndup... yes
checking for working strnlen... yes
checking whether chdir is declared without a macro... yes
checking whether chown is declared without a macro... no
checking whether dup is declared without a macro... yes
checking whether dup2 is declared without a macro... yes
checking whether dup3 is declared without a macro... no
checking whether environ is declared without a macro... no
checking whether euidaccess is declared without a macro... no
checking whether faccessat is declared without a macro... no
checking whether fchdir is declared without a macro... no
checking whether fchownat is declared without a macro... no
checking whether fdatasync is declared without a macro... no
checking whether fsync is declared without a macro... no
checking whether ftruncate is declared without a macro... yes
checking whether getcwd is declared without a macro... yes
checking whether getdomainname is declared without a macro... no
checking whether getdtablesize is declared without a macro... no
checking whether getgroups is declared without a macro... no
checking whether gethostname is declared without a macro... no
checking whether getlogin is declared without a macro... no
checking whether getlogin_r is declared without a macro... no
checking whether getpagesize is declared without a macro... no
checking whether getusershell is declared without a macro... no
checking whether setusershell is declared without a macro... no
checking whether endusershell is declared without a macro... no
checking whether group_member is declared without a macro... no
checking whether isatty is declared without a macro... yes
checking whether lchown is declared without a macro... no
checking whether link is declared without a macro... no
checking whether linkat is declared without a macro... no
checking whether lseek is declared without a macro... yes
checking whether pipe is declared without a macro... no
checking whether pipe2 is declared without a macro... no
checking whether pread is declared without a macro... no
checking whether pwrite is declared without a macro... no
checking whether readlink is declared without a macro... no
checking whether readlinkat is declared without a macro... no
checking whether rmdir is declared without a macro... yes
checking whether sethostname is declared without a macro... no
checking whether sleep is declared without a macro... yes
checking whether symlink is declared without a macro... no
checking whether symlinkat is declared without a macro... no
checking whether ttyname_r is declared without a macro... no
checking whether unlink is declared without a macro... yes
checking whether unlinkat is declared without a macro... no
checking whether usleep is declared without a macro... yes
checking for ptrdiff_t... yes
checking for vsnprintf... yes
checking whether snprintf respects a size of 1... yes
checking whether printf supports POSIX/XSI format strings with positions... no
checking whether btowc is declared without a macro... yes
checking whether wctob is declared without a macro... yes
checking whether mbsinit is declared without a macro... yes
checking whether mbrtowc is declared without a macro... yes
checking whether mbrlen is declared without a macro... yes
checking whether mbsrtowcs is declared without a macro... yes
checking whether mbsnrtowcs is declared without a macro... no
checking whether wcrtomb is declared without a macro... yes
checking whether wcsrtombs is declared without a macro... yes
checking whether wcsnrtombs is declared without a macro... no
checking whether wcwidth is declared without a macro... no
checking whether wmemchr is declared without a macro... yes
checking whether wmemcmp is declared without a macro... yes
checking whether wmemcpy is declared without a macro... yes
checking whether wmemmove is declared without a macro... yes
checking whether wmemset is declared without a macro... yes
checking whether wcslen is declared without a macro... yes
checking whether wcsnlen is declared without a macro... yes
checking whether wcscpy is declared without a macro... yes
checking whether wcpcpy is declared without a macro... no
checking whether wcsncpy is declared without a macro... yes
checking whether wcpncpy is declared without a macro... no
checking whether wcscat is declared without a macro... yes
checking whether wcsncat is declared without a macro... yes
checking whether wcscmp is declared without a macro... yes
checking whether wcsncmp is declared without a macro... yes
checking whether wcscasecmp is declared without a macro... no
checking whether wcsncasecmp is declared without a macro... no
checking whether wcscoll is declared without a macro... yes
checking whether wcsxfrm is declared without a macro... yes
checking whether wcsdup is declared without a macro... yes
checking whether wcschr is declared without a macro... yes
checking whether wcsrchr is declared without a macro... yes
checking whether wcscspn is declared without a macro... yes
checking whether wcsspn is declared without a macro... yes
checking whether wcspbrk is declared without a macro... yes
checking whether wcsstr is declared without a macro... yes
checking whether wcstok is declared without a macro... yes
checking whether wcswidth is declared without a macro... no
checking whether mbrtowc handles incomplete characters... (cached) guessing yes
checking whether mbrtowc works as well as mbtowc... (cached) guessing yes
checking whether wcrtomb return value is correct... guessing yes
checking whether iswcntrl works... yes
checking for towlower... yes
checking for wctype_t... yes
checking for wctrans_t... yes
checking whether wctype is declared without a macro... yes
checking whether iswctype is declared without a macro... yes
checking whether wctrans is declared without a macro... yes
checking whether towctrans is declared without a macro... yes
checking whether wcwidth is declared... no
checking for stdint.h... (cached) yes
checking which extra warnings work...  -Wextra -Wattributes -Wendif-labels -Winit-self -Wint-to-pointer-cast -Winvalid-pch -Wmissing-field-initializers -Wnonnull -Woverflow -Wvla -Wpointer-to-int-cast -Wstrict-aliasing -Wvariadic-macros -Wvolatile-register-var -Wpointer-sign -Wmissing-include-dirs -Wmissing-prototypes -Wmissing-declarations -Wformat=2
checking for x86_64-gcc... no
checking for x86_64-egcs... no
checking for x86_64-cc... no
checking for gcc... gcc
checking for x86_64-objcopy... no
checking for objcopy... objcopy
checking for x86_64-strip... no
checking for strip... strip
checking for x86_64-nm... no
checking for nm... nm
checking for x86_64-ranlib... no
checking for ranlib... ranlib
checking which extra warnings work...  -Wextra -Wattributes -Wendif-labels -Winit-self -Wint-to-pointer-cast -Winvalid-pch -Wmissing-field-initializers -Wnonnull -Woverflow -Wvla -Wpointer-to-int-cast -Wstrict-aliasing -Wvariadic-macros -Wvolatile-register-var -Wpointer-sign -Wmissing-include-dirs -Wmissing-prototypes -Wmissing-declarations -Wformat=2
checking if compiling with clang... no
checking for options to compile assembly... 
checking whether -falign-loops works... yes
checking whether -malign-loops works... yes
checking whether -freg-struct-return works... yes
checking for options to get soft-float... -msoft-float
checking whether -fno-dwarf2-cfi-asm works... yes
checking whether -mno-stack-arg-probe works... yes
checking whether -fno-asynchronous-unwind-tables works... yes
checking whether -fno-unwind-tables works... yes
checking for target linking format... -mi386pe
checking whether option -Qn works... yes
checking whether `gcc' has `-fPIE' as default... no
checking whether linker accepts -no-pie... no
checking whether linker accepts -nopie... no
checking whether linker needs disabling of PIE to work... no
checking whether `gcc' has `-fPIC' as default... no
checking whether `gcc' accepts `-fstack-protector'... yes
checking whether `gcc' accepts `-mstack-arg-probe'... no
checking for grep that handles long lines and -e... /usr/bin/grep
checking for egrep... /usr/bin/grep -E
checking if C symbols get an underscore after compilation... yes
checking whether target compiler is working... yes
checking whether objcopy works for absolute addresses... yes
checking whether linker accepts --build-id=none... no
checking if __bss_start is defined by the compiler... no
checking if edata is defined by the compiler... no
checking if _edata is defined by the compiler... no
configure: error: none of __bss_start, edata or _edata is defined
