resolving dependencies...
looking for conflicting packages...

Packages (5) libxml2-2.15.4-1  llvm-libs-21.1.8-2  clang-21.1.8-2  lld-21.1.8-2  llvm-21.1.8-2

Total Download Size:   119.09 MiB
Total Installed Size:  813.11 MiB

:: Proceed with installation? [Y/n] 
:: Retrieving packages...
 llvm-21.1.8-2-x86_64 downloading...
 clang-21.1.8-2-x86_64 downloading...
 llvm-libs-21.1.8-2-x86_64 downloading...
 lld-21.1.8-2-x86_64 downloading...
 libxml2-2.15.4-1-x86_64 downloading...
checking keyring...
checking package integrity...
loading package files...
checking for file conflicts...
checking available disk space...
:: Processing package changes...
installing libxml2...
installing llvm-libs...
installing clang...
Optional dependencies for clang
    compiler-rt: for -rtlib=compiler-rt
    llvm=21.1.8 [pending]
installing lld...
installing llvm...
